Component: Arm Compiler for Embedded 6.24 Tool: armlink [5f371500]

==============================================================================

Section Cross References

    startup_stm32f103xe.o(STACK) refers (Special) to heapauxi.o(.text) for __use_two_region_memory
    startup_stm32f103xe.o(HEAP) refers (Special) to heapauxi.o(.text) for __use_two_region_memory
    startup_stm32f103xe.o(RESET) refers (Special) to heapauxi.o(.text) for __use_two_region_memory
    startup_stm32f103xe.o(RESET) refers to startup_stm32f103xe.o(STACK) for __initial_sp
    startup_stm32f103xe.o(RESET) refers to startup_stm32f103xe.o(.text) for Reset_Handler
    startup_stm32f103xe.o(RESET) refers to stm32f1xx_it.o(.text.NMI_Handler) for NMI_Handler
    startup_stm32f103xe.o(RESET) refers to stm32f1xx_it.o(.text.HardFault_Handler) for HardFault_Handler
    startup_stm32f103xe.o(RESET) refers to stm32f1xx_it.o(.text.MemManage_Handler) for MemManage_Handler
    startup_stm32f103xe.o(RESET) refers to stm32f1xx_it.o(.text.BusFault_Handler) for BusFault_Handler
    startup_stm32f103xe.o(RESET) refers to stm32f1xx_it.o(.text.UsageFault_Handler) for UsageFault_Handler
    startup_stm32f103xe.o(RESET) refers to stm32f1xx_it.o(.text.SVC_Handler) for SVC_Handler
    startup_stm32f103xe.o(RESET) refers to stm32f1xx_it.o(.text.DebugMon_Handler) for DebugMon_Handler
    startup_stm32f103xe.o(RESET) refers to stm32f1xx_it.o(.text.PendSV_Handler) for PendSV_Handler
    startup_stm32f103xe.o(RESET) refers to stm32f1xx_it.o(.text.SysTick_Handler) for SysTick_Handler
    startup_stm32f103xe.o(RESET) refers to dma.o(.text.DMA1_Channel5_IRQHandler) for DMA1_Channel5_IRQHandler
    startup_stm32f103xe.o(RESET) refers to usart.o(.text.USART1_IRQHandler) for USART1_IRQHandler
    startup_stm32f103xe.o(.text) refers (Special) to heapauxi.o(.text) for __use_two_region_memory
    startup_stm32f103xe.o(.text) refers to system_stm32f1xx.o(.text.SystemInit) for SystemInit
    startup_stm32f103xe.o(.text) refers to __main.o(!!!main) for __main
    startup_stm32f103xe.o(.text) refers to startup_stm32f103xe.o(HEAP) for Heap_Mem
    startup_stm32f103xe.o(.text) refers to startup_stm32f103xe.o(STACK) for Stack_Mem
    stm32f1xx_it.o(.ARM.exidx.text.NMI_Handler) refers to stm32f1xx_it.o(.text.NMI_Handler) for [Anonymous Symbol]
    stm32f1xx_it.o(.ARM.exidx.text.HardFault_Handler) refers to stm32f1xx_it.o(.text.HardFault_Handler) for [Anonymous Symbol]
    stm32f1xx_it.o(.ARM.exidx.text.MemManage_Handler) refers to stm32f1xx_it.o(.text.MemManage_Handler) for [Anonymous Symbol]
    stm32f1xx_it.o(.ARM.exidx.text.BusFault_Handler) refers to stm32f1xx_it.o(.text.BusFault_Handler) for [Anonymous Symbol]
    stm32f1xx_it.o(.ARM.exidx.text.UsageFault_Handler) refers to stm32f1xx_it.o(.text.UsageFault_Handler) for [Anonymous Symbol]
    stm32f1xx_it.o(.ARM.exidx.text.SVC_Handler) refers to stm32f1xx_it.o(.text.SVC_Handler) for [Anonymous Symbol]
    stm32f1xx_it.o(.ARM.exidx.text.DebugMon_Handler) refers to stm32f1xx_it.o(.text.DebugMon_Handler) for [Anonymous Symbol]
    stm32f1xx_it.o(.ARM.exidx.text.PendSV_Handler) refers to stm32f1xx_it.o(.text.PendSV_Handler) for [Anonymous Symbol]
    stm32f1xx_it.o(.text.SysTick_Handler) refers to stm32f1xx_hal.o(.text.HAL_IncTick) for HAL_IncTick
    stm32f1xx_it.o(.ARM.exidx.text.SysTick_Handler) refers to stm32f1xx_it.o(.text.SysTick_Handler) for [Anonymous Symbol]
    system_stm32f1xx.o(.ARM.exidx.text.SystemInit) refers to system_stm32f1xx.o(.text.SystemInit) for [Anonymous Symbol]
    system_stm32f1xx.o(.text.SystemCoreClockUpdate) refers to system_stm32f1xx.o(.data.SystemCoreClock) for SystemCoreClock
    system_stm32f1xx.o(.text.SystemCoreClockUpdate) refers to system_stm32f1xx.o(.rodata.AHBPrescTable) for AHBPrescTable
    system_stm32f1xx.o(.ARM.exidx.text.SystemCoreClockUpdate) refers to system_stm32f1xx.o(.text.SystemCoreClockUpdate) for [Anonymous Symbol]
    main.o(.text.main) refers to stm32f1xx_hal.o(.text.HAL_Init) for HAL_Init
    main.o(.text.main) refers to sys.o(.text.sys_stm32_clock_init) for sys_stm32_clock_init
    main.o(.text.main) refers to delay.o(.text.delay_init) for delay_init
    main.o(.text.main) refers to led.o(.text.led_init) for led_init
    main.o(.text.main) refers to usart.o(.text.usart_init) for usart_init
    main.o(.text.main) refers to st7789v.o(.text.st7789v_init) for st7789v_init
    main.o(.text.main) refers to st7789v.o(.text.st7789v_clear) for st7789v_clear
    main.o(.text.main) refers to main.o(.rodata.g_image) for g_image
    main.o(.text.main) refers to st7789v.o(.text.st7789v_display_image_dma) for st7789v_display_image_dma
    main.o(.ARM.exidx.text.main) refers to main.o(.text.main) for [Anonymous Symbol]
    led.o(.text.led_init) refers to stm32f1xx_hal_gpio.o(.text.HAL_GPIO_Init) for HAL_GPIO_Init
    led.o(.text.led_init) refers to stm32f1xx_hal_gpio.o(.text.HAL_GPIO_WritePin) for HAL_GPIO_WritePin
[...]
    .ARM.Collect$$libshutdown$$0000000F      0x08000282   Section        0  libshutdown2.o(.ARM.Collect$$libshutdown$$0000000F)
    .ARM.Collect$$libshutdown$$00000010      0x08000282   Section        2  libshutdown2.o(.ARM.Collect$$libshutdown$$00000010)
    .ARM.Collect$$rtentry$$00000000          0x08000284   Section        0  __rtentry.o(.ARM.Collect$$rtentry$$00000000)
    .ARM.Collect$$rtentry$$00000002          0x08000284   Section        0  __rtentry2.o(.ARM.Collect$$rtentry$$00000002)
    .ARM.Collect$$rtentry$$00000004          0x08000284   Section        6  __rtentry4.o(.ARM.Collect$$rtentry$$00000004)
    .ARM.Collect$$rtentry$$00000009          0x0800028a   Section        0  __rtentry2.o(.ARM.Collect$$rtentry$$00000009)
    .ARM.Collect$$rtentry$$0000000A          0x0800028a   Section        4  __rtentry2.o(.ARM.Collect$$rtentry$$0000000A)
    .ARM.Collect$$rtentry$$0000000C          0x0800028e   Section        0  __rtentry2.o(.ARM.Collect$$rtentry$$0000000C)
    .ARM.Collect$$rtentry$$0000000D          0x0800028e   Section        8  __rtentry2.o(.ARM.Collect$$rtentry$$0000000D)
    .ARM.Collect$$rtexit$$00000000           0x08000296   Section        2  rtexit.o(.ARM.Collect$$rtexit$$00000000)
    .ARM.Collect$$rtexit$$00000002           0x08000298   Section        0  rtexit2.o(.ARM.Collect$$rtexit$$00000002)
    .ARM.Collect$$rtexit$$00000003           0x08000298   Section        4  rtexit2.o(.ARM.Collect$$rtexit$$00000003)
    .ARM.Collect$$rtexit$$00000004           0x0800029c   Section        6  rtexit2.o(.ARM.Collect$$rtexit$$00000004)
    .text                                    0x080002a4   Section       64  startup_stm32f103xe.o(.text)
    .text                                    0x080002e4   Section        0  vsprintf.o(.text)
    .text                                    0x08000308   Section        0  _printf_pad.o(.text)
    .text                                    0x08000358   Section        0  _printf_dec.o(.text)
    _printf_hex_common                       0x080003d1   Thumb Code     0  _printf_hex_int_ll_ptr.o(.text)
    .text                                    0x080003d0   Section        0  _printf_hex_int_ll_ptr.o(.text)
    .text                                    0x08000464   Section        0  __printf_flags_ss_wp.o(.text)
    .text                                    0x080005ec   Section      138  rt_memcpy_v6.o(.text)
    .text                                    0x08000676   Section       78  rt_memclr_w.o(.text)
    .text                                    0x080006c4   Section        0  heapauxi.o(.text)
    .text                                    0x080006ca   Section        0  _printf_truncate.o(.text)
    .text                                    0x080006ee   Section        0  _printf_str.o(.text)
    .text                                    0x08000740   Section        0  _printf_intcommon.o(.text)
    .text                                    0x080007f2   Section        0  _printf_charcount.o(.text)
    _printf_input_char                       0x0800081d   Thumb Code    10  _printf_char_common.o(.text)
    .text                                    0x0800081c   Section        0  _printf_char_common.o(.text)
    .text                                    0x0800084c   Section        0  _sputc.o(.text)
    .text                                    0x08000858   Section        0  _printf_wctomb.o(.text)
    .text                                    0x08000914   Section        0  _printf_longlong_dec.o(.text)
    _printf_longlong_oct_internal            0x08000991   Thumb Code     0  _printf_oct_int_ll.o(.text)
    .text                                    0x08000990   Section        0  _printf_oct_int_ll.o(.text)
    .text                                    0x08000a00   Section      100  rt_memcpy_w.o(.text)
    .text                                    0x08000a64   Section      138  lludiv10.o(.text)
    _fp_digits                               0x08000aef   Thumb Code   432  _printf_fp_dec.o(.text)
    .text                                    0x08000aee   Section        0  _printf_fp_dec.o(.text)
    .text                                    0x08000f0c   Section        0  _printf_fp_hex.o(.text)
    .text                                    0x08001208   Section        0  _printf_char.o(.text)
    .text                                    0x08001234   Section        0  _printf_wchar.o(.text)
    .text                                    0x08001260   Section        0  _c16rtomb.o(.text)
    .text                                    0x080012a8   Section       74  sys_stackheap_outer.o(.text)
    .text                                    0x080012f4   Section       16  rt_ctype_table.o(.text)
    .text                                    0x08001304   Section        8  rt_locale_intlibspace.o(.text)
    .text                                    0x0800130c   Section        0  _printf_fp_infnan.o(.text)
    .text                                    0x0800138c   Section        0  bigflt0.o(.text)
    .text                                    0x08001470   Section        0  exit.o(.text)
    .text                                    0x08001484   Section        8  libspace.o(.text)
    .text                                    0x0800148c   Section      128  strcmpv7m.o(.text)
    .text                                    0x0800150c   Section        0  sys_exit.o(.text)
    .text                                    0x08001518   Section        2  use_no_semi.o(.text)
    .text                                    0x0800151a   Section        0  indicate_semi.o(.text)
    [Anonymous Symbol]                       0x0800151c   Section        0  stm32f1xx_it.o(.text.BusFault_Handler)
    [Anonymous Symbol]                       0x08001520   Section        0  dma.o(.text.DMA1_Channel5_IRQHandler)
    [Anonymous Symbol]                       0x0800152c   Section        0  stm32f1xx_it.o(.text.DebugMon_Handler)
    [Anonymous Symbol]                       0x08001530   Section        0  stm32f1xx_hal_dma.o(.text.HAL_DMA_Abort)
    [Anonymous Symbol]                       0x08001570   Section        0  stm32f1xx_hal_dma.o(.text.HAL_DMA_Abort_IT)
    [Anonymous Symbol]                       0x08001698   Section        0  stm32f1xx_hal_dma.o(.text.HAL_DMA_IRQHandler)
    [Anonymous Symbol]                       0x080018f8   Section        0  stm32f1xx_hal_dma.o(.text.HAL_DMA_Init)
    [Anonymous Symbol]                       0x08001994   Section        0  stm32f1xx_hal_dma.o(.text.HAL_DMA_Start_IT)
    [Anonymous Symbol]                       0x08001a30   Section        0  stm32f1xx_hal_gpio.o(.text.HAL_GPIO_Init)
    [Anonymous Symbol]                       0x08001c0c   Section        0  stm32f1xx_hal_gpio.o(.text.HAL_GPIO_WritePin)
    [Anonymous Symbol]                       0x08001c18   Section        0  stm32f1xx_hal.o(.text.HAL_GetTick)
    [Anonymous Symbol]                       0x08001c24   Section        0  stm32f1xx_hal.o(.text.HAL_IncTick)
    [Anonymous Symbol]                       0x08001c40   Section        0  stm32f1xx_hal.o(.text.HAL_Init)
    [Anonymous Symbol]                       0x08001c68   Section        0  stm32f1xx_hal.o(.text.HAL_InitTick)
    [Anonymous Symbol]                       0x08001cb8   Section        0  stm32f1xx_hal.o(.text.HAL_MspInit)
    [Anonymous Symbol]                       0x08001cbc   Section        0  stm32f1xx_hal_cortex.o(.text.HAL_NVIC_EnableIRQ)
    [Anonymous Symbol]                       0x08001ce0   Section        0  stm32f1xx_hal_cortex.o(.text.HAL_NVIC_SetPriority)
    [Anonymous Symbol]                       0x08001d38   Section        0  stm32f1xx_hal_cortex.o(.text.HAL_NVIC_SetPriorityGrouping)
    [Anonymous Symbol]                       0x08001d58   Section        0  stm32f1xx_hal_rcc.o(.text.HAL_RCC_ClockConfig)
    [Anonymous Symbol]                       0x08001f0c   Section        0  stm32f1xx_hal_rcc.o(.text.HAL_RCC_GetPCLK1Freq)
    [Anonymous Symbol]                       0x08001f34   Section        0  stm32f1xx_hal_rcc.o(.text.HAL_RCC_GetPCLK2Freq)
    [Anonymous Symbol]                       0x08001f5c   Section        0  stm32f1xx_hal_rcc.o(.text.HAL_RCC_OscConfig)
    [Anonymous Symbol]                       0x08002294   Section        0  stm32f1xx_hal_spi.o(.text.HAL_SPI_ErrorCallback)
    [Anonymous Symbol]                       0x08002298   Section        0  stm32f1xx_hal_spi.o(.text.HAL_SPI_Init)
    [Anonymous Symbol]                       0x08002358   Section        0  stm32f1xx_hal_spi.o(.text.HAL_SPI_MspInit)
    [Anonymous Symbol]                       0x0800235c   Section        0  stm32f1xx_hal_spi.o(.text.HAL_SPI_Transmit)
    [Anonymous Symbol]                       0x08002510   Section        0  stm32f1xx_hal_spi.o(.text.HAL_SPI_Transmit_DMA)
    [Anonymous Symbol]                       0x08002610   Section        0  dma.o(.text.HAL_SPI_TxCpltCallback)
    [Anonymous Symbol]                       0x08002630   Section        0  stm32f1xx_hal_spi.o(.text.HAL_SPI_TxHalfCpltCallback)
    [Anonymous Symbol]                       0x08002634   Section        0  stm32f1xx_hal_cortex.o(.text.HAL_SYSTICK_Config)
    [Anonymous Symbol]                       0x08002660   Section        0  stm32f1xx_hal_uart.o(.text.HAL_UARTEx_RxEventCallback)
    [Anonymous Symbol]                       0x08002664   Section        0  stm32f1xx_hal_uart.o(.text.HAL_UART_ErrorCallback)
    [Anonymous Symbol]                       0x08002668   Section        0  stm32f1xx_hal_uart.o(.text.HAL_UART_IRQHandler)
    [Anonymous Symbol]                       0x0800296c   Section        0  stm32f1xx_hal_uart.o(.text.HAL_UART_Init)
    [Anonymous Symbol]                       0x08002a4c   Section        0  stm32f1xx_hal_uart.o(.text.HAL_UART_MspInit)
    [Anonymous Symbol]                       0x08002a50   Section        0  stm32f1xx_hal_uart.o(.text.HAL_UART_Receive_IT)
    [Anonymous Symbol]                       0x08002aa4   Section        0  usart.o(.text.HAL_UART_RxCpltCallback)
    [Anonymous Symbol]                       0x08002ad8   Section        0  stm32f1xx_hal_uart.o(.text.HAL_UART_Transmit)
    [Anonymous Symbol]                       0x08002c40   Section        0  stm32f1xx_hal_uart.o(.text.HAL_UART_TxCpltCallback)
    [Anonymous Symbol]                       0x08002c44   Section        0  stm32f1xx_it.o(.text.HardFault_Handler)
    [Anonymous Symbol]                       0x08002c48   Section        0  stm32f1xx_it.o(.text.MemManage_Handler)
    [Anonymous Symbol]                       0x08002c4c   Section        0  stm32f1xx_it.o(.text.NMI_Handler)
    [Anonymous Symbol]                       0x08002c50   Section        0  stm32f1xx_it.o(.text.PendSV_Handler)
    SPI_DMAError                             0x08002c55   Thumb Code    30  stm32f1xx_hal_spi.o(.text.SPI_DMAError)
    [Anonymous Symbol]                       0x08002c54   Section        0  stm32f1xx_hal_spi.o(.text.SPI_DMAError)
    SPI_DMAHalfTransmitCplt                  0x08002c75   Thumb Code     6  stm32f1xx_hal_spi.o(.text.SPI_DMAHalfTransmitCplt)
    [Anonymous Symbol]                       0x08002c74   Section        0  stm32f1xx_hal_spi.o(.text.SPI_DMAHalfTransmitCplt)
    SPI_DMATransmitCplt                      0x08002c7d   Thumb Code   132  stm32f1xx_hal_spi.o(.text.SPI_DMATransmitCplt)
    [Anonymous Symbol]                       0x08002c7c   Section        0  stm32f1xx_hal_spi.o(.text.SPI_DMATransmitCplt)
    SPI_WaitFlagStateUntilTimeout            0x08002d01   Thumb Code   224  stm32f1xx_hal_spi.o(.text.SPI_WaitFlagStateUntilTimeout)
    [Anonymous Symbol]                       0x08002d00   Section        0  stm32f1xx_hal_spi.o(.text.SPI_WaitFlagStateUntilTimeout)
    [Anonymous Symbol]                       0x08002de0   Section        0  stm32f1xx_it.o(.text.SVC_Handler)
    [Anonymous Symbol]                       0x08002de4   Section        0  stm32f1xx_it.o(.text.SysTick_Handler)
    [Anonymous Symbol]                       0x08002de8   Section        0  system_stm32f1xx.o(.text.SystemInit)
    UART_DMAAbortOnError                     0x08002ded   Thumb Code    12  stm32f1xx_hal_uart.o(.text.UART_DMAAbortOnError)
    [Anonymous Symbol]                       0x08002dec   Section        0  stm32f1xx_hal_uart.o(.text.UART_DMAAbortOnError)
    UART_Receive_IT                          0x08002df9   Thumb Code   192  stm32f1xx_hal_uart.o(.text.UART_Receive_IT)
    [Anonymous Symbol]                       0x08002df8   Section        0  stm32f1xx_hal_uart.o(.text.UART_Receive_IT)
    [Anonymous Symbol]                       0x08002eb8   Section        0  usart.o(.text.USART1_IRQHandler)
    [Anonymous Symbol]                       0x08002ec4   Section        0  stm32f1xx_it.o(.text.UsageFault_Handler)
    [Anonymous Symbol]                       0x08002ec8   Section        0  delay.o(.text.delay_init)
    [Anonymous Symbol]                       0x08002ed4   Section        0  delay.o(.text.delay_ms)
    [Anonymous Symbol]                       0x08002f18   Section        0  dma.o(.text.dma_spi2_init)
    [Anonymous Symbol]                       0x08002f84   Section        0  led.o(.text.led_init)
    [Anonymous Symbol]                       0x08002ff8   Section        0  main.o(.text.main)
    [Anonymous Symbol]                       0x08003040   Section        0  spi.o(.text.spi_init)
    [Anonymous Symbol]                       0x080031a0   Section        0  spi.o(.text.spi_send_byte)
    [Anonymous Symbol]                       0x080031e0   Section        0  st7789v.o(.text.st7789v_clear)
    [Anonymous Symbol]                       0x08003214   Section        0  st7789v.o(.text.st7789v_display_image_dma)
    [Anonymous Symbol]                       0x080032e0   Section        0  st7789v.o(.text.st7789v_init)
    [Anonymous Symbol]                       0x08003368   Section        0  st7789v.o(.text.st7789v_initreg)
    [Anonymous Symbol]                       0x08003ab8   Section        0  st7789v.o(.text.st7789v_setwindows)
    [Anonymous Symbol]                       0x08003c1c   Section        0  st7789v.o(.text.st7789v_write_data16)
    [Anonymous Symbol]                       0x08003c90   Section        0  sys.o(.text.sys_stm32_clock_init)
    [Anonymous Symbol]                       0x08003cec   Section        0  usart.o(.text.uart_printf)
    [Anonymous Symbol]                       0x08003d4c   Section        0  usart.o(.text.usart_init)
    CL$$btod_d2e                             0x08003dfa   Section       62  btod.o(CL$$btod_d2e)
    CL$$btod_d2e_denorm_low                  0x08003e38   Section       70  btod.o(CL$$btod_d2e_denorm_low)
    CL$$btod_d2e_norm_op1                    0x08003e7e   Section       96  btod.o(CL$$btod_d2e_norm_op1)
    CL$$btod_div_common                      0x08003ee0   Section      824  btod.o(CL$$btod_div_common)
    CL$$btod_e2e                             0x08004218   Section      220  btod.o(CL$$btod_e2e)
    CL$$btod_ediv                            0x080042f4   Section       42  btod.o(CL$$btod_ediv)
    CL$$btod_emul                            0x0800431e   Section       42  btod.o(CL$$btod_emul)
    CL$$btod_mult_common                     0x08004348   Section      580  btod.o(CL$$btod_mult_common)
    i.__ARM_fpclassify                       0x0800458c   Section        0  fpclassify.o(i.__ARM_fpclassify)
    i._is_digit                              0x080045b4   Section        0  __printf_wp.o(i._is_digit)
    locale$$code                             0x080045c4   Section       44  lc_numeric_c.o(locale$$code)
    locale$$code                             0x080045f0   Section       44  lc_ctype_c.o(locale$$code)
    x$fpl$printf1                            0x0800461c   Section        4  printf1.o(x$fpl$printf1)
    x$fpl$printf2                            0x08004620   Section        4  printf2.o(x$fpl$printf2)
    uc_hextab                                0x08004624   Data          20  _printf_hex_int_ll_ptr.o(.constdata)
    .constdata                               0x08004624   Section       40  _printf_hex_int_ll_ptr.o(.constdata)
    x$fpl$usenofp                            0x08004624   Section        0  usenofp.o(x$fpl$usenofp)
    lc_hextab                                0x08004638   Data          20  _printf_hex_int_ll_ptr.o(.constdata)
    maptable                                 0x0800464c   Data          17  __printf_flags_ss_wp.o(.constdata)
    .constdata                               0x0800464c   Section       17  __printf_flags_ss_wp.o(.constdata)
    initial_mbstate                          0x08004660   Data           8  _printf_wctomb.o(.constdata)
    .constdata                               0x08004660   Section        8  _printf_wctomb.o(.constdata)
    lc_hextab                                0x08004668   Data          19  _printf_fp_hex.o(.constdata)
    .constdata                               0x08004668   Section       38  _printf_fp_hex.o(.constdata)
    uc_hextab                                0x0800467b   Data          19  _printf_fp_hex.o(.constdata)
    tenpwrs_x                                0x08004690   Data          60  bigflt0.o(.constdata)
    .constdata                               0x08004690   Section      148  bigflt0.o(.constdata)
    tenpwrs_i                                0x080046cc   Data          64  bigflt0.o(.constdata)
    HAL_RCC_GetSysClockFreq.aPredivFactorTable 0x0800473c   Data           2  stm32f1xx_hal_rcc.o(.rodata.HAL_RCC_GetSysClockFreq.aPredivFactorTable)
    [Anonymous Symbol]                       0x0800473c   Section        0  stm32f1xx_hal_rcc.o(.rodata.HAL_RCC_GetSysClockFreq.aPredivFactorTable)
    HAL_RCC_GetSysClockFreq.aPLLMULFactorTable 0x0800473e   Data          16  stm32f1xx_hal_rcc.o(.rodata.cst16)
    [Anonymous Symbol]                       0x0800473e   Section        0  stm32f1xx_hal_rcc.o(.rodata.cst16)
    locale$$data                             0x08025478   Section       28  lc_numeric_c.o(locale$$data)
    __lcnum_c_name                           0x0802547c   Data           2  lc_numeric_c.o(locale$$data)
    __lcnum_c_start                          0x08025484   Data           0  lc_numeric_c.o(locale$$data)
    __lcnum_c_point                          0x08025490   Data           0  lc_numeric_c.o(locale$$data)
    __lcnum_c_thousands                      0x08025492   Data           0  lc_numeric_c.o(locale$$data)
    __lcnum_c_grouping                       0x08025493   Data           0  lc_numeric_c.o(locale$$data)
    __lcnum_c_end                            0x08025494   Data           0  lc_numeric_c.o(locale$$data)
    locale$$data                             0x08025494   Section      272  lc_ctype_c.o(locale$$data)
    __lcctype_c_name                         0x08025498   Data           2  lc_ctype_c.o(locale$$data)
    __lcctype_c_start                        0x080254a0   Data           0  lc_ctype_c.o(locale$$data)
    __lcctype_c_end                          0x080255a4   Data           0  lc_ctype_c.o(locale$$data)
    .bss                                     0x20000010   Section       96  libspace.o(.bss)
    g_fac_us                                 0x20000074   Data           4  delay.o(.bss.g_fac_us)
    [Anonymous Symbol]                       0x20000074   Section        0  delay.o(.bss.g_fac_us)
    Heap_Mem                                 0x20000168   Data         512  startup_stm32f103xe.o(HEAP)
    HEAP                                     0x20000168   Section      512  startup_stm32f103xe.o(HEAP)
    Stack_Mem                                0x20000368   Data        8192  startup_stm32f103xe.o(STACK)
    STACK                                    0x20000368   Section     8192  startup_stm32f103xe.o(STACK)
    __initial_sp                             0x20002368   Data           0  startup_stm32f103xe.o(STACK)

    Global Symbols

    Symbol Name                              Value     Ov Type        Size  Object(Section)

    BuildAttributes$$THM_ISAv4$P$D$K$B$S$PE$A:L22UL41UL21$X:L11$S22US41US21$IEEE1$IW$~IW$USESV6$~STKCKD$USESV7$~SHL$OTIME$ROPI$IEEEJ$EBA8$UX$STANDARDLIB$REQ8$PRES8$EABIv2 0x00000000   Number         0  anon$$obj.o ABSOLUTE
    __fp_init_empty                          0x00000000   Number         0  fpinit_empty.o ABSOLUTE
    _printf_flags                            0x00000000   Number         0  printf_stubs.o ABSOLUTE
    _printf_return_value                     0x00000000   Number         0  printf_stubs.o ABSOLUTE
    _printf_sizespec                         0x00000000   Number         0  printf_stubs.o ABSOLUTE
    _printf_widthprec                        0x00000000   Number         0  printf_stubs.o ABSOLUTE
    __ARM_exceptions_init                     - Undefined Weak Reference
    __alloca_initialize                       - Undefined Weak Reference
    __arm_preinit_                            - Undefined Weak Reference
    __arm_relocate_pie_                       - Undefined Weak Reference
    __cpp_initialize__aeabi_                  - Undefined Weak Reference
    __cxa_finalize                            - Undefined Weak Reference
    __sigvec_lookup                           - Undefined Weak Reference
    _atexit_init                              - Undefined Weak Reference
    _call_atexit_fns                          - Undefined Weak Reference
    _clock_init                               - Undefined Weak Reference
    _fp_trap_init                             - Undefined Weak Reference
    _fp_trap_shutdown                         - Undefined Weak Reference
    _get_lc_collate                           - Undefined Weak Reference
    _get_lc_monetary                          - Undefined Weak Reference
    _get_lc_time                              - Undefined Weak Reference
    _getenv_init                              - Undefined Weak Reference
    _handle_redirection                       - Undefined Weak Reference
    _init_alloc                               - Undefined Weak Reference
    _init_user_alloc                          - Undefined Weak Reference
    _initio                                   - Undefined Weak Reference
    _printf_mbtowc                            - Undefined Weak Reference
    _printf_wc                                - Undefined Weak Reference
    _rand_init                                - Undefined Weak Reference
    _signal_finish                            - Undefined Weak Reference
    _signal_init                              - Undefined Weak Reference
    _terminate_alloc                          - Undefined Weak Reference
    _terminate_user_alloc                     - Undefined Weak Reference
    _terminateio                              - Undefined Weak Reference
    __Vectors_Size                           0x00000130   Number         0  startup_stm32f103xe.o ABSOLUTE
    __Vectors                                0x08000000   Data           4  startup_stm32f103xe.o(RESET)
    __Vectors_End                            0x08000130   Data           0  startup_stm32f103xe.o(RESET)
    __main                                   0x08000131   Thumb Code     8  __main.o(!!!main)
    __scatterload                            0x08000139   Thumb Code     0  __scatter.o(!!!scatter)
    __scatterload_rt2                        0x08000139   Thumb Code    84  __scatter.o(!!!scatter)
    __scatterload_rt2_thumb_only             0x08000139   Thumb Code     0  __scatter.o(!!!scatter)
    __scatterload_loop                       0x08000143   Thumb Code     0  __scatter.o(!!!scatter)
    __scatterload_copy                       0x08000195   Thumb Code    26  __scatter_copy.o(!!handler_copy)
    __scatterload_null                       0x080001b1   Thumb Code     2  __scatter.o(!!handler_null)
    __scatterload_zeroinit                   0x080001b5   Thumb Code    28  __scatter_zi.o(!!handler_zi)
    _printf_n                                0x080001d1   Thumb Code     0  _printf_n.o(.ARM.Collect$$_printf_percent$$00000001)
    _printf_percent                          0x080001d1   Thumb Code     0  _printf_percent.o(.ARM.Collect$$_printf_percent$$00000000)
    _printf_p                                0x080001d7   Thumb Code     0  _printf_p.o(.ARM.Collect$$_printf_percent$$00000002)
    _printf_f                                0x080001dd   Thumb Code     0  _printf_f.o(.ARM.Collect$$_printf_percent$$00000003)
    _printf_e                                0x080001e3   Thumb Code     0  _printf_e.o(.ARM.Collect$$_printf_percent$$00000004)
    _printf_g                                0x080001e9   Thumb Code     0  _printf_g.o(.ARM.Collect$$_printf_percent$$00000005)
    _printf_a                                0x080001ef   Thumb Code     0  _printf_a.o(.ARM.Collect$$_printf_percent$$00000006)
    _printf_ll                               0x080001f5   Thumb Code     0  _printf_ll.o(.ARM.Collect$$_printf_percent$$00000007)
    _printf_i                                0x080001ff   Thumb Code     0  _printf_i.o(.ARM.Collect$$_printf_percent$$00000008)
    _printf_d                                0x08000205   Thumb Code     0  _printf_d.o(.ARM.Collect$$_printf_percent$$00000009)
    _printf_u                                0x0800020b   Thumb Code     0  _printf_u.o(.ARM.Collect$$_printf_percent$$0000000A)
    _printf_o                                0x08000211   Thumb Code     0  _printf_o.o(.ARM.Collect$$_printf_percent$$0000000B)
    _printf_x                                0x08000217   Thumb Code     0  _printf_x.o(.ARM.Collect$$_printf_percent$$0000000C)
    _printf_lli                              0x0800021d   Thumb Code     0  _printf_lli.o(.ARM.Collect$$_printf_percent$$0000000D)
    _printf_lld                              0x08000223   Thumb Code     0  _printf_lld.o(.ARM.Collect$$_printf_percent$$0000000E)
    _printf_llu                              0x08000229   Thumb Code     0  _printf_llu.o(.ARM.Collect$$_printf_percent$$0000000F)
    _printf_llo                              0x0800022f   Thumb Code     0  _printf_llo.o(.ARM.Collect$$_printf_percent$$00000010)
    _printf_llx                              0x08000235   Thumb Code     0  _printf_llx.o(.ARM.Collect$$_printf_percent$$00000011)
    _printf_l                                0x0800023b   Thumb Code     0  _printf_l.o(.ARM.Collect$$_printf_percent$$00000012)
    _printf_c                                0x08000245   Thumb Code     0  _printf_c.o(.ARM.Collect$$_printf_percent$$00000013)
    _printf_s                                0x0800024b   Thumb Code     0  _printf_s.o(.ARM.Collect$$_printf_percent$$00000014)
    _printf_lc                               0x08000251   Thumb Code     0  _printf_lc.o(.ARM.Collect$$_printf_percent$$00000015)
    _printf_ls                               0x08000257   Thumb Code     0  _printf_ls.o(.ARM.Collect$$_printf_percent$$00000016)
    _printf_percent_end                      0x0800025d   Thumb Code     0  _printf_percent_end.o(.ARM.Collect$$_printf_percent$$00000017)
    __rt_lib_init                            0x08000261   Thumb Code     0  libinit.o(.ARM.Collect$$libinit$$00000000)
    __rt_lib_init_fp_1                       0x08000263   Thumb Code     0  libinit2.o(.ARM.Collect$$libinit$$00000002)
    __rt_lib_init_heap_1                     0x08000263   Thumb Code     0  libinit2.o(.ARM.Collect$$libinit$$0000000C)
    __rt_lib_init_lc_common                  0x08000263   Thumb Code     0  libinit2.o(.ARM.Collect$$libinit$$00000011)
    __rt_lib_init_preinit_1                  0x08000263   Thumb Code     0  libinit2.o(.ARM.Collect$$libinit$$00000006)
    __rt_lib_init_rand_1                     0x08000263   Thumb Code     0  libinit2.o(.ARM.Collect$$libinit$$00000010)
    __rt_lib_init_relocate_pie_1             0x08000263   Thumb Code     0  libinit2.o(.ARM.Collect$$libinit$$00000004)
    __rt_lib_init_user_alloc_1               0x08000263   Thumb Code     0  libinit2.o(.ARM.Collect$$libinit$$0000000E)
    __rt_lib_init_lc_collate_1               0x08000269   Thumb Code     0  libinit2.o(.ARM.Collect$$libinit$$00000013)
    __rt_lib_init_lc_ctype_2                 0x08000269   Thumb Code     0  libinit2.o(.ARM.Collect$$libinit$$00000014)
    __rt_lib_init_lc_ctype_1                 0x08000275   Thumb Code     0  libinit2.o(.ARM.Collect$$libinit$$00000015)
    __rt_lib_init_lc_monetary_1              0x08000275   Thumb Code     0  libinit2.o(.ARM.Collect$$libinit$$00000017)
    __rt_lib_init_lc_numeric_2               0x08000275   Thumb Code     0  libinit2.o(.ARM.Collect$$libinit$$00000018)
    __rt_lib_init_alloca_1                   0x0800027f   Thumb Code     0  libinit2.o(.ARM.Collect$$libinit$$00000030)
    __rt_lib_init_argv_1                     0x0800027f   Thumb Code     0  libinit2.o(.ARM.Collect$$libinit$$0000002E)
    __rt_lib_init_atexit_1                   0x0800027f   Thumb Code     0  libinit2.o(.ARM.Collect$$libinit$$0000001D)
    __rt_lib_init_clock_1                    0x0800027f   Thumb Code     0  libinit2.o(.ARM.Collect$$libinit$$00000023)
    __rt_lib_init_cpp_1                      0x0800027f   Thumb Code     0  libinit2.o(.ARM.Collect$$libinit$$00000034)
    __rt_lib_init_exceptions_1               0x0800027f   Thumb Code     0  libinit2.o(.ARM.Collect$$libinit$$00000032)
    __rt_lib_init_fp_trap_1                  0x0800027f   Thumb Code     0  libinit2.o(.ARM.Collect$$libinit$$00000021)
    __rt_lib_init_getenv_1                   0x0800027f   Thumb Code     0  libinit2.o(.ARM.Collect$$libinit$$00000025)
    __rt_lib_init_lc_numeric_1               0x0800027f   Thumb Code     0  libinit2.o(.ARM.Collect$$libinit$$00000019)
    __rt_lib_init_lc_time_1                  0x0800027f   Thumb Code     0  libinit2.o(.ARM.Collect$$libinit$$0000001B)
    __rt_lib_init_return                     0x0800027f   Thumb Code     0  libinit2.o(.ARM.Collect$$libinit$$00000035)
    __rt_lib_init_signal_1                   0x0800027f   Thumb Code     0  libinit2.o(.ARM.Collect$$libinit$$0000001F)
    __rt_lib_init_stdio_1                    0x0800027f   Thumb Code     0  libinit2.o(.ARM.Collect$$libinit$$00000027)
    __rt_lib_shutdown                        0x08000281   Thumb Code     0  libshutdown.o(.ARM.Collect$$libshutdown$$00000000)
    __rt_lib_shutdown_cpp_1                  0x08000283   Thumb Code     0  libshutdown2.o(.ARM.Collect$$libshutdown$$00000002)
    __rt_lib_shutdown_fp_trap_1              0x08000283   Thumb Code     0  libshutdown2.o(.ARM.Collect$$libshutdown$$00000007)
    __rt_lib_shutdown_heap_1                 0x08000283   Thumb Code     0  libshutdown2.o(.ARM.Collect$$libshutdown$$0000000F)
    __rt_lib_shutdown_return                 0x08000283   Thumb Code     0  libshutdown2.o(.ARM.Collect$$libshutdown$$00000010)
    __rt_lib_shutdown_signal_1               0x08000283   Thumb Code     0  libshutdown2.o(.ARM.Collect$$libshutdown$$0000000A)
    __rt_lib_shutdown_stdio_1                0x08000283   Thumb Code     0  libshutdown2.o(.ARM.Collect$$libshutdown$$00000004)
    __rt_lib_shutdown_user_alloc_1           0x08000283   Thumb Code     0  libshutdown2.o(.ARM.Collect$$libshutdown$$0000000C)
    __rt_entry                               0x08000285   Thumb Code     0  __rtentry.o(.ARM.Collect$$rtentry$$00000000)
    __rt_entry_presh_1                       0x08000285   Thumb Code     0  __rtentry2.o(.ARM.Collect$$rtentry$$00000002)
    __rt_entry_sh                            0x08000285   Thumb Code     0  __rtentry4.o(.ARM.Collect$$rtentry$$00000004)
    __rt_entry_li                            0x0800028b   Thumb Code     0  __rtentry2.o(.ARM.Collect$$rtentry$$0000000A)
    __rt_entry_postsh_1                      0x0800028b   Thumb Code     0  __rtentry2.o(.ARM.Collect$$rtentry$$00000009)
    __rt_entry_main                          0x0800028f   Thumb Code     0  __rtentry2.o(.ARM.Collect$$rtentry$$0000000D)
    __rt_entry_postli_1                      0x0800028f   Thumb Code     0  __rtentry2.o(.ARM.Collect$$rtentry$$0000000C)
    __rt_exit                                0x08000297   Thumb Code     0  rtexit.o(.ARM.Collect$$rtexit$$00000000)
    __rt_exit_ls                             0x08000299   Thumb Code     0  rtexit2.o(.ARM.Collect$$rtexit$$00000003)
    __rt_exit_prels_1                        0x08000299   Thumb Code     0  rtexit2.o(.ARM.Collect$$rtexit$$00000002)
    __rt_exit_exit                           0x0800029d   Thumb Code     0  rtexit2.o(.ARM.Collect$$rtexit$$00000004)
    Reset_Handler                            0x080002a5   Thumb Code     8  startup_stm32f103xe.o(.text)
    ADC1_2_IRQHandler                        0x080002bf   Thumb Code     0  startup_stm32f103xe.o(.text)
    ADC3_IRQHandler                          0x080002bf   Thumb Code     0  startup_stm32f103xe.o(.text)
    CAN1_RX1_IRQHandler                      0x080002bf   Thumb Code     0  startup_stm32f103xe.o(.text)
    CAN1_SCE_IRQHandler                      0x080002bf   Thumb Code     0  startup_stm32f103xe.o(.text)
    DMA1_Channel1_IRQHandler                 0x080002bf   Thumb Code     0  startup_stm32f103xe.o(.text)
    DMA1_Channel2_IRQHandler                 0x080002bf   Thumb Code     0  startup_stm32f103xe.o(.text)
    DMA1_Channel3_IRQHandler                 0x080002bf   Thumb Code     0  startup_stm32f103xe.o(.text)
    DMA1_Channel4_IRQHandler                 0x080002bf   Thumb Code     0  startup_stm32f103xe.o(.text)
    DMA1_Channel6_IRQHandler                 0x080002bf   Thumb Code     0  startup_stm32f103xe.o(.text)
    DMA1_Channel7_IRQHandler                 0x080002bf   Thumb Code     0  startup_stm32f103xe.o(.text)
    DMA2_Channel1_IRQHandler                 0x080002bf   Thumb Code     0  startup_stm32f103xe.o(.text)
    DMA2_Channel2_IRQHandler                 0x080002bf   Thumb Code     0  startup_stm32f103xe.o(.text)
    DMA2_Channel3_IRQHandler                 0x080002bf   Thumb Code     0  startup_stm32f103xe.o(.text)
    DMA2_Channel4_5_IRQHandler               0x080002bf   Thumb Code     0  startup_stm32f103xe.o(.text)
    EXTI0_IRQHandler                         0x080002bf   Thumb Code     0  startup_stm32f103xe.o(.text)
    EXTI15_10_IRQHandler                     0x080002bf   Thumb Code     0  startup_stm32f103xe.o(.text)
    EXTI1_IRQHandler                         0x080002bf   Thumb Code     0  startup_stm32f103xe.o(.text)
    EXTI2_IRQHandler                         0x080002bf   Thumb Code     0  startup_stm32f103xe.o(.text)
    EXTI3_IRQHandler                         0x080002bf   Thumb Code     0  startup_stm32f103xe.o(.text)
    EXTI4_IRQHandler                         0x080002bf   Thumb Code     0  startup_stm32f103xe.o(.text)
    EXTI9_5_IRQHandler                       0x080002bf   Thumb Code     0  startup_stm32f103xe.o(.text)
    FLASH_IRQHandler                         0x080002bf   Thumb Code     0  startup_stm32f103xe.o(.text)
    FSMC_IRQHandler                          0x080002bf   Thumb Code     0  startup_stm32f103xe.o(.text)
    I2C1_ER_IRQHandler                       0x080002bf   Thumb Code     0  startup_stm32f103xe.o(.text)
    I2C1_EV_IRQHandler                       0x080002bf   Thumb Code     0  startup_stm32f103xe.o(.text)
    I2C2_ER_IRQHandler                       0x080002bf   Thumb Code     0  startup_stm32f103xe.o(.text)
    I2C2_EV_IRQHandler                       0x080002bf   Thumb Code     0  startup_stm32f103xe.o(.text)
    PVD_IRQHandler                           0x080002bf   Thumb Code     0  startup_stm32f103xe.o(.text)
    RCC_IRQHandler                           0x080002bf   Thumb Code     0  startup_stm32f103xe.o(.text)
    RTC_Alarm_IRQHandler                     0x080002bf   Thumb Code     0  startup_stm32f103xe.o(.text)
    RTC_IRQHandler                           0x080002bf   Thumb Code     0  startup_stm32f103xe.o(.text)
    SDIO_IRQHandler                          0x080002bf   Thumb Code     0  startup_stm32f103xe.o(.text)
    SPI1_IRQHandler                          0x080002bf   Thumb Code     0  startup_stm32f103xe.o(.text)
    SPI2_IRQHandler                          0x080002bf   Thumb Code     0  startup_stm32f103xe.o(.text)
    SPI3_IRQHandler                          0x080002bf   Thumb Code     0  startup_stm32f103xe.o(.text)
    TAMPER_IRQHandler                        0x080002bf   Thumb Code     0  startup_stm32f103xe.o(.text)
    TIM1_BRK_IRQHandler                      0x080002bf   Thumb Code     0  startup_stm32f103xe.o(.text)
    TIM1_CC_IRQHandler                       0x080002bf   Thumb Code     0  startup_stm32f103xe.o(.text)
    TIM1_TRG_COM_IRQHandler                  0x080002bf   Thumb Code     0  startup_stm32f103xe.o(.text)
    TIM1_UP_IRQHandler                       0x080002bf   Thumb Code     0  startup_stm32f103xe.o(.text)
    TIM2_IRQHandler                          0x080002bf   Thumb Code     0  startup_stm32f103xe.o(.text)
    TIM3_IRQHandler                          0x080002bf   Thumb Code     0  startup_stm32f103xe.o(.text)
    TIM4_IRQHandler                          0x080002bf   Thumb Code     0  startup_stm32f103xe.o(.text)
    TIM5_IRQHandler                          0x080002bf   Thumb Code     0  startup_stm32f103xe.o(.text)
    TIM6_IRQHandler                          0x080002bf   Thumb Code     0  startup_stm32f103xe.o(.text)
    TIM7_IRQHandler                          0x080002bf   Thumb Code     0  startup_stm32f103xe.o(.text)
    TIM8_BRK_IRQHandler                      0x080002bf   Thumb Code     0  startup_stm32f103xe.o(.text)
    TIM8_CC_IRQHandler                       0x080002bf   Thumb Code     0  startup_stm32f103xe.o(.text)
    TIM8_TRG_COM_IRQHandler                  0x080002bf   Thumb Code     0  startup_stm32f103xe.o(.text)
    TIM8_UP_IRQHandler                       0x080002bf   Thumb Code     0  startup_stm32f103xe.o(.text)
    UART4_IRQHandler                         0x080002bf   Thumb Code     0  startup_stm32f103xe.o(.text)
    UART5_IRQHandler                         0x080002bf   Thumb Code     0  startup_stm32f103xe.o(.text)
    USART2_IRQHandler                        0x080002bf   Thumb Code     0  startup_stm32f103xe.o(.text)
    USART3_IRQHandler                        0x080002bf   Thumb Code     0  startup_stm32f103xe.o(.text)
    USBWakeUp_IRQHandler                     0x080002bf   Thumb Code     0  startup_stm32f103xe.o(.text)
    USB_HP_CAN1_TX_IRQHandler                0x080002bf   Thumb Code     0  startup_stm32f103xe.o(.text)
    USB_LP_CAN1_RX0_IRQHandler               0x080002bf   Thumb Code     0  startup_stm32f103xe.o(.text)
    WWDG_IRQHandler                          0x080002bf   Thumb Code     0  startup_stm32f103xe.o(.text)
    __user_initial_stackheap                 0x080002c1   Thumb Code     0  startup_stm32f103xe.o(.text)
    vsprintf                                 0x080002e5   Thumb Code    32  vsprintf.o(.text)
    _printf_pre_padding                      0x08000309   Thumb Code    44  _printf_pad.o(.text)
    _printf_post_padding                     0x08000335   Thumb Code    34  _printf_pad.o(.text)
    _printf_int_dec                          0x08000359   Thumb Code   104  _printf_dec.o(.text)
    _printf_longlong_hex                     0x080003d1   Thumb Code    86  _printf_hex_int_ll_ptr.o(.text)
    _printf_int_hex                          0x08000427   Thumb Code    28  _printf_hex_int_ll_ptr.o(.text)
    _printf_ll_hex                           0x08000443   Thumb Code    12  _printf_hex_int_ll_ptr.o(.text)
    _printf_hex_ptr                          0x0800044f   Thumb Code    18  _printf_hex_int_ll_ptr.o(.text)
    __printf                                 0x08000465   Thumb Code   388  __printf_flags_ss_wp.o(.text)
    __aeabi_memcpy                           0x080005ed   Thumb Code     0  rt_memcpy_v6.o(.text)
    __rt_memcpy                              0x080005ed   Thumb Code   138  rt_memcpy_v6.o(.text)
    _memcpy_lastbytes                        0x08000653   Thumb Code     0  rt_memcpy_v6.o(.text)
    __aeabi_memclr4                          0x08000677   Thumb Code     0  rt_memclr_w.o(.text)
    __aeabi_memclr8                          0x08000677   Thumb Code     0  rt_memclr_w.o(.text)
    __rt_memclr_w                            0x08000677   Thumb Code     0  rt_memclr_w.o(.text)
    _memset_w                                0x0800067b   Thumb Code    74  rt_memclr_w.o(.text)
    __use_two_region_memory                  0x080006c5   Thumb Code     2  heapauxi.o(.text)
    __rt_heap_escrow$2region                 0x080006c7   Thumb Code     2  heapauxi.o(.text)
    __rt_heap_expand$2region                 0x080006c9   Thumb Code     2  heapauxi.o(.text)
    _printf_truncate_signed                  0x080006cb   Thumb Code    18  _printf_truncate.o(.text)
    _printf_truncate_unsigned                0x080006dd   Thumb Code    18  _printf_truncate.o(.text)
    _printf_str                              0x080006ef   Thumb Code    82  _printf_str.o(.text)
    _printf_int_common                       0x08000741   Thumb Code   178  _printf_intcommon.o(.text)
    _printf_charcount                        0x080007f3   Thumb Code    40  _printf_charcount.o(.text)
    _printf_char_common                      0x08000827   Thumb Code    32  _printf_char_common.o(.text)
    _sputc                                   0x0800084d   Thumb Code    10  _sputc.o(.text)
    _printf_wctomb                           0x08000859   Thumb Code   182  _printf_wctomb.o(.text)
    _printf_longlong_dec                     0x08000915   Thumb Code   108  _printf_longlong_dec.o(.text)
    _printf_longlong_oct                     0x08000991   Thumb Code    68  _printf_oct_int_ll.o(.text)
    _printf_int_oct                          0x080009d5   Thumb Code    24  _printf_oct_int_ll.o(.text)
    _printf_ll_oct                           0x080009ed   Thumb Code    12  _printf_oct_int_ll.o(.text)
    __aeabi_memcpy4                          0x08000a01   Thumb Code     0  rt_memcpy_w.o(.text)
    __aeabi_memcpy8                          0x08000a01   Thumb Code     0  rt_memcpy_w.o(.text)
    __rt_memcpy_w                            0x08000a01   Thumb Code   100  rt_memcpy_w.o(.text)
    _memcpy_lastbytes_aligned                0x08000a49   Thumb Code     0  rt_memcpy_w.o(.text)
    _ll_udiv10                               0x08000a65   Thumb Code   138  lludiv10.o(.text)
    _printf_fp_dec_real                      0x08000c9f   Thumb Code   620  _printf_fp_dec.o(.text)
    _printf_fp_hex_real                      0x08000f0d   Thumb Code   756  _printf_fp_hex.o(.text)
    _printf_cs_common                        0x08001209   Thumb Code    20  _printf_char.o(.text)
    _printf_char                             0x0800121d   Thumb Code    16  _printf_char.o(.text)
    _printf_string                           0x0800122d   Thumb Code     8  _printf_char.o(.text)
    _printf_lcs_common                       0x08001235   Thumb Code    20  _printf_wchar.o(.text)
    _printf_wchar                            0x08001249   Thumb Code    16  _printf_wchar.o(.text)
    _printf_wstring                          0x08001259   Thumb Code     8  _printf_wchar.o(.text)
    _c16rtomb                                0x08001261   Thumb Code    72  _c16rtomb.o(.text)
    _wcrtomb                                 0x08001261   Thumb Code     0  _c16rtomb.o(.text)
    __user_setup_stackheap                   0x080012a9   Thumb Code    74  sys_stackheap_outer.o(.text)
    __rt_ctype_table                         0x080012f5   Thumb Code    16  rt_ctype_table.o(.text)
    __rt_locale                              0x08001305   Thumb Code     8  rt_locale_intlibspace.o(.text)
    _printf_fp_infnan                        0x0800130d   Thumb Code   112  _printf_fp_infnan.o(.text)
    _btod_etento                             0x0800138d   Thumb Code   224  bigflt0.o(.text)
    exit                                     0x08001471   Thumb Code    18  exit.o(.text)
    __user_libspace                          0x08001485   Thumb Code     8  libspace.o(.text)
    __user_perproc_libspace                  0x08001485   Thumb Code     0  libspace.o(.text)
    __user_perthread_libspace                0x08001485   Thumb Code     0  libspace.o(.text)
    strcmp                                   0x0800148d   Thumb Code   128  strcmpv7m.o(.text)
    _sys_exit                                0x0800150d   Thumb Code     8  sys_exit.o(.text)
    __I$use$semihosting                      0x08001519   Thumb Code     0  use_no_semi.o(.text)
    __use_no_semihosting_swi                 0x08001519   Thumb Code     2  use_no_semi.o(.text)
    __semihosting_library_function           0x0800151b   Thumb Code     0  indicate_semi.o(.text)
    BusFault_Handler                         0x0800151d   Thumb Code     2  stm32f1xx_it.o(.text.BusFault_Handler)
    DMA1_Channel5_IRQHandler                 0x08001521   Thumb Code    12  dma.o(.text.DMA1_Channel5_IRQHandler)
    DebugMon_Handler                         0x0800152d   Thumb Code     2  stm32f1xx_it.o(.text.DebugMon_Handler)
    HAL_DMA_Abort                            0x08001531   Thumb Code    64  stm32f1xx_hal_dma.o(.text.HAL_DMA_Abort)
    HAL_DMA_Abort_IT                         0x08001571   Thumb Code   294  stm32f1xx_hal_dma.o(.text.HAL_DMA_Abort_IT)
    HAL_DMA_IRQHandler                       0x08001699   Thumb Code   608  stm32f1xx_hal_dma.o(.text.HAL_DMA_IRQHandler)
    HAL_DMA_Init                             0x080018f9   Thumb Code   156  stm32f1xx_hal_dma.o(.text.HAL_DMA_Init)
    HAL_DMA_Start_IT                         0x08001995   Thumb Code   156  stm32f1xx_hal_dma.o(.text.HAL_DMA_Start_IT)
    HAL_GPIO_Init                            0x08001a31   Thumb Code   474  stm32f1xx_hal_gpio.o(.text.HAL_GPIO_Init)
    HAL_GPIO_WritePin                        0x08001c0d   Thumb Code    10  stm32f1xx_hal_gpio.o(.text.HAL_GPIO_WritePin)
    HAL_GetTick                              0x08001c19   Thumb Code    12  stm32f1xx_hal.o(.text.HAL_GetTick)
    HAL_IncTick                              0x08001c25   Thumb Code    26  stm32f1xx_hal.o(.text.HAL_IncTick)
    HAL_Init                                 0x08001c41   Thumb Code    38  stm32f1xx_hal.o(.text.HAL_Init)
    HAL_InitTick                             0x08001c69   Thumb Code    80  stm32f1xx_hal.o(.text.HAL_InitTick)
    HAL_MspInit                              0x08001cb9   Thumb Code     2  stm32f1xx_hal.o(.text.HAL_MspInit)
    HAL_NVIC_EnableIRQ                       0x08001cbd   Thumb Code    34  stm32f1xx_hal_cortex.o(.text.HAL_NVIC_EnableIRQ)
    HAL_NVIC_SetPriority                     0x08001ce1   Thumb Code    86  stm32f1xx_hal_cortex.o(.text.HAL_NVIC_SetPriority)
    HAL_NVIC_SetPriorityGrouping             0x08001d39   Thumb Code    32  stm32f1xx_hal_cortex.o(.text.HAL_NVIC_SetPriorityGrouping)
    HAL_RCC_ClockConfig                      0x08001d59   Thumb Code   434  stm32f1xx_hal_rcc.o(.text.HAL_RCC_ClockConfig)
    HAL_RCC_GetPCLK1Freq                     0x08001f0d   Thumb Code    38  stm32f1xx_hal_rcc.o(.text.HAL_RCC_GetPCLK1Freq)
    HAL_RCC_GetPCLK2Freq                     0x08001f35   Thumb Code    38  stm32f1xx_hal_rcc.o(.text.HAL_RCC_GetPCLK2Freq)
    HAL_RCC_OscConfig                        0x08001f5d   Thumb Code   824  stm32f1xx_hal_rcc.o(.text.HAL_RCC_OscConfig)
    HAL_SPI_ErrorCallback                    0x08002295   Thumb Code     2  stm32f1xx_hal_spi.o(.text.HAL_SPI_ErrorCallback)
    HAL_SPI_Init                             0x08002299   Thumb Code   190  stm32f1xx_hal_spi.o(.text.HAL_SPI_Init)
    HAL_SPI_MspInit                          0x08002359   Thumb Code     2  stm32f1xx_hal_spi.o(.text.HAL_SPI_MspInit)
    HAL_SPI_Transmit                         0x0800235d   Thumb Code   436  stm32f1xx_hal_spi.o(.text.HAL_SPI_Transmit)
    HAL_SPI_Transmit_DMA                     0x08002511   Thumb Code   254  stm32f1xx_hal_spi.o(.text.HAL_SPI_Transmit_DMA)
    HAL_SPI_TxCpltCallback                   0x08002611   Thumb Code    30  dma.o(.text.HAL_SPI_TxCpltCallback)
    HAL_SPI_TxHalfCpltCallback               0x08002631   Thumb Code     2  stm32f1xx_hal_spi.o(.text.HAL_SPI_TxHalfCpltCallback)
    HAL_SYSTICK_Config                       0x08002635   Thumb Code    44  stm32f1xx_hal_cortex.o(.text.HAL_SYSTICK_Config)
    HAL_UARTEx_RxEventCallback               0x08002661   Thumb Code     2  stm32f1xx_hal_uart.o(.text.HAL_UARTEx_RxEventCallback)
    HAL_UART_ErrorCallback                   0x08002665   Thumb Code     2  stm32f1xx_hal_uart.o(.text.HAL_UART_ErrorCallback)
    HAL_UART_IRQHandler                      0x08002669   Thumb Code   770  stm32f1xx_hal_uart.o(.text.HAL_UART_IRQHandler)
    HAL_UART_Init                            0x0800296d   Thumb Code   224  stm32f1xx_hal_uart.o(.text.HAL_UART_Init)
    HAL_UART_MspInit                         0x08002a4d   Thumb Code     2  stm32f1xx_hal_uart.o(.text.HAL_UART_MspInit)
    HAL_UART_Receive_IT                      0x08002a51   Thumb Code    84  stm32f1xx_hal_uart.o(.text.HAL_UART_Receive_IT)
    HAL_UART_RxCpltCallback                  0x08002aa5   Thumb Code    52  usart.o(.text.HAL_UART_RxCpltCallback)
    HAL_UART_Transmit                        0x08002ad9   Thumb Code   360  stm32f1xx_hal_uart.o(.text.HAL_UART_Transmit)
    HAL_UART_TxCpltCallback                  0x08002c41   Thumb Code     2  stm32f1xx_hal_uart.o(.text.HAL_UART_TxCpltCallback)
    HardFault_Handler                        0x08002c45   Thumb Code     2  stm32f1xx_it.o(.text.HardFault_Handler)
    MemManage_Handler                        0x08002c49   Thumb Code     2  stm32f1xx_it.o(.text.MemManage_Handler)
    NMI_Handler                              0x08002c4d   Thumb Code     2  stm32f1xx_it.o(.text.NMI_Handler)
    PendSV_Handler                           0x08002c51   Thumb Code     2  stm32f1xx_it.o(.text.PendSV_Handler)
    SVC_Handler                              0x08002de1   Thumb Code     2  stm32f1xx_it.o(.text.SVC_Handler)
    SysTick_Handler                          0x08002de5   Thumb Code     4  stm32f1xx_it.o(.text.SysTick_Handler)
    SystemInit                               0x08002de9   Thumb Code     2  system_stm32f1xx.o(.text.SystemInit)
    USART1_IRQHandler                        0x08002eb9   Thumb Code    12  usart.o(.text.USART1_IRQHandler)
    UsageFault_Handler                       0x08002ec5   Thumb Code     2  stm32f1xx_it.o(.text.UsageFault_Handler)
    delay_init                               0x08002ec9   Thumb Code    12  delay.o(.text.delay_init)
    delay_ms                                 0x08002ed5   Thumb Code    66  delay.o(.text.delay_ms)
    dma_spi2_init                            0x08002f19   Thumb Code   106  dma.o(.text.dma_spi2_init)
    led_init                                 0x08002f85   Thumb Code   114  led.o(.text.led_init)
    main                                     0x08002ff9   Thumb Code    70  main.o(.text.main)
    spi_init                                 0x08003041   Thumb Code   332  spi.o(.text.spi_init)
    spi_send_byte                            0x080031a1   Thumb Code    44  spi.o(.text.spi_send_byte)
    st7789v_clear                            0x080031e1   Thumb Code    52  st7789v.o(.text.st7789v_clear)
    st7789v_display_image_dma                0x08003215   Thumb Code   204  st7789v.o(.text.st7789v_display_image_dma)
    st7789v_init                             0x080032e1   Thumb Code   136  st7789v.o(.text.st7789v_init)
    st7789v_initreg                          0x08003369   Thumb Code  1872  st7789v.o(.text.st7789v_initreg)
    st7789v_setwindows                       0x08003ab9   Thumb Code   356  st7789v.o(.text.st7789v_setwindows)
    st7789v_write_data16                     0x08003c1d   Thumb Code   116  st7789v.o(.text.st7789v_write_data16)
    sys_stm32_clock_init                     0x08003c91   Thumb Code    90  sys.o(.text.sys_stm32_clock_init)
    uart_printf                              0x08003ced   Thumb Code    94  usart.o(.text.uart_printf)
    usart_init                               0x08003d4d   Thumb Code   174  usart.o(.text.usart_init)
    _btod_d2e                                0x08003dfb   Thumb Code    62  btod.o(CL$$btod_d2e)
    _d2e_denorm_low                          0x08003e39   Thumb Code    70  btod.o(CL$$btod_d2e_denorm_low)
    _d2e_norm_op1                            0x08003e7f   Thumb Code    96  btod.o(CL$$btod_d2e_norm_op1)
    __btod_div_common                        0x08003ee1   Thumb Code   696  btod.o(CL$$btod_div_common)
    _e2e                                     0x08004219   Thumb Code   220  btod.o(CL$$btod_e2e)
    _btod_ediv                               0x080042f5   Thumb Code    42  btod.o(CL$$btod_ediv)
    _btod_emul                               0x0800431f   Thumb Code    42  btod.o(CL$$btod_emul)
    __btod_mult_common                       0x08004349   Thumb Code   580  btod.o(CL$$btod_mult_common)
    __ARM_fpclassify                         0x0800458d   Thumb Code    40  fpclassify.o(i.__ARM_fpclassify)
    _is_digit                                0x080045b5   Thumb Code    14  __printf_wp.o(i._is_digit)
    _get_lc_numeric                          0x080045c5   Thumb Code    44  lc_numeric_c.o(locale$$code)
    _get_lc_ctype                            0x080045f1   Thumb Code    44  lc_ctype_c.o(locale$$code)
    _printf_fp_dec                           0x0800461d   Thumb Code     4  printf1.o(x$fpl$printf1)
    _printf_fp_hex                           0x08004621   Thumb Code     4  printf2.o(x$fpl$printf2)
    __I$use$fp                               0x08004624   Number         0  usenofp.o(x$fpl$usenofp)
    AHBPrescTable                            0x08004724   Data          16  system_stm32f1xx.o(.rodata.AHBPrescTable)
    APBPrescTable                            0x08004734   Data           8  system_stm32f1xx.o(.rodata.APBPrescTable)
    g_image                                  0x0800474e   Data       134408  main.o(.rodata.g_image)
    Region$$Table$$Base                      0x08025458   Number         0  anon$$obj.o(Region$$Table)
    Region$$Table$$Limit                     0x08025478   Number         0  anon$$obj.o(Region$$Table)
    __ctype                                  0x080254a1   Data           0  lc_ctype_c.o(locale$$data)
    SystemCoreClock                          0x20000000   Data           4  system_stm32f1xx.o(.data.SystemCoreClock)
    uwTickFreq                               0x20000004   Data           1  stm32f1xx_hal.o(.data.uwTickFreq)
    uwTickPrio                               0x20000008   Data           4  stm32f1xx_hal.o(.data.uwTickPrio)
    __libspace_start                         0x20000010   Data          96  libspace.o(.bss)
    __temporary_stack_top$libspace           0x20000070   Data           0  libspace.o(.bss)
    dma_transfer_complete                    0x20000070   Data           1  dma.o(.bss.dma_transfer_complete)
    g_rx_buf                                 0x20000078   Data           1  usart.o(.bss.g_rx_buf)
    g_uart1_rx_flag                          0x20000079   Data           1  usart.o(.bss.g_uart1_rx_flag)
    g_uart_init_handle                       0x2000007c   Data          72  usart.o(.bss.g_uart_init_handle)
    hdma_spi2_tx                             0x200000c4   Data          68  dma.o(.bss.hdma_spi2_tx)
    hspi2                                    0x20000108   Data          88  spi.o(.bss.hspi2)
    uwTick                                   0x20000160   Data           4  stm32f1xx_hal.o(.bss.uwTick)



==============================================================================

Memory Map of the image

  Image Entry point : 0x080002a5

  Load Region LR_1 (Base: 0x08000000, Size: 0x000255b0, Max: 0xffffffff, ABSOLUTE)

    Execution Region ER_RO (Exec base: 0x08000000, Load base: 0x08000000, Size: 0x000255a4, Max: 0xffffffff, ABSOLUTE)

    Exec Addr    Load Addr    Size         Type   Attr      Idx    E Section Name        Object

    0x08000000   0x08000000   0x00000130   Data   RO            3    RESET               startup_stm32f103xe.o
    0x08000130   0x08000130   0x00000008   Code   RO          847  * !!!main             c_w.l(__main.o)
    0x08000138   0x08000138   0x0000005c   Code   RO         1136    !!!scatter          c_w.l(__scatter.o)
    0x08000194   0x08000194   0x0000001a   Code   RO         1140    !!handler_copy      c_w.l(__scatter_copy.o)
    0x080001ae   0x080001ae   0x00000002   PAD
    0x080001b0   0x080001b0   0x00000002   Code   RO         1137    !!handler_null      c_w.l(__scatter.o)
    0x080001b2   0x080001b2   0x00000002   PAD
    0x080001b4   0x080001b4   0x0000001c   Code   RO         1142    !!handler_zi        c_w.l(__scatter_zi.o)
    0x080001d0   0x080001d0   0x00000000   Code   RO          840    .ARM.Collect$$_printf_percent$$00000000  c_w.l(_printf_percent.o)
    0x080001d0   0x080001d0   0x00000006   Code   RO          875    .ARM.Collect$$_printf_percent$$00000001  c_w.l(_printf_n.o)
    0x080001d6   0x080001d6   0x00000006   Code   RO          876    .ARM.Collect$$_printf_percent$$00000002  c_w.l(_printf_p.o)
    0x080001dc   0x080001dc   0x00000006   Code   RO          880    .ARM.Collect$$_printf_percent$$00000003  c_w.l(_printf_f.o)
    0x080001e2   0x080001e2   0x00000006   Code   RO          881    .ARM.Collect$$_printf_percent$$00000004  c_w.l(_printf_e.o)
    0x080001e8   0x080001e8   0x00000006   Code   RO          882    .ARM.Collect$$_printf_percent$$00000005  c_w.l(_printf_g.o)
    0x080001ee   0x080001ee   0x00000006   Code   RO          883    .ARM.Collect$$_printf_percent$$00000006  c_w.l(_printf_a.o)
    0x080001f4   0x080001f4   0x0000000a   Code   RO          888    .ARM.Collect$$_printf_percent$$00000007  c_w.l(_printf_ll.o)
    0x080001fe   0x080001fe   0x00000006   Code   RO          878    .ARM.Collect$$_printf_percent$$00000008  c_w.l(_printf_i.o)
    0x08000204   0x08000204   0x00000006   Code   RO          879    .ARM.Collect$$_printf_percent$$00000009  c_w.l(_printf_d.o)
    0x0800020a   0x0800020a   0x00000006   Code   RO          839    .ARM.Collect$$_printf_percent$$0000000A  c_w.l(_printf_u.o)
    0x08000210   0x08000210   0x00000006   Code   RO          877    .ARM.Collect$$_printf_percent$$0000000B  c_w.l(_printf_o.o)
    0x08000216   0x08000216   0x00000006   Code   RO          838    .ARM.Collect$$_printf_percent$$0000000C  c_w.l(_printf_x.o)
    0x0800021c   0x0800021c   0x00000006   Code   RO          885    .ARM.Collect$$_printf_percent$$0000000D  c_w.l(_printf_lli.o)
    0x08000222   0x08000222   0x00000006   Code   RO          886    .ARM.Collect$$_printf_percent$$0000000E  c_w.l(_printf_lld.o)
    0x08000228   0x08000228   0x00000006   Code   RO          887    .ARM.Collect$$_printf_percent$$0000000F  c_w.l(_printf_llu.o)
    0x0800022e   0x0800022e   0x00000006   Code   RO          892    .ARM.Collect$$_printf_percent$$00000010  c_w.l(_printf_llo.o)
    0x08000234   0x08000234   0x00000006   Code   RO          893    .ARM.Collect$$_printf_percent$$00000011  c_w.l(_printf_llx.o)
    0x0800023a   0x0800023a   0x0000000a   Code   RO          889    .ARM.Collect$$_printf_percent$$00000012  c_w.l(_printf_l.o)
    0x08000244   0x08000244   0x00000006   Code   RO          873    .ARM.Collect$$_printf_percent$$00000013  c_w.l(_printf_c.o)
    0x0800024a   0x0800024a   0x00000006   Code   RO          874    .ARM.Collect$$_printf_percent$$00000014  c_w.l(_printf_s.o)
    0x08000250   0x08000250   0x00000006   Code   RO          890    .ARM.Collect$$_printf_percent$$00000015  c_w.l(_printf_lc.o)
    0x08000256   0x08000256   0x00000006   Code   RO          891    .ARM.Collect$$_printf_percent$$00000016  c_w.l(_printf_ls.o)
    0x0800025c   0x0800025c   0x00000004   Code   RO          884    .ARM.Collect$$_printf_percent$$00000017  c_w.l(_printf_percent_end.o)
    0x08000260   0x08000260   0x00000002   Code   RO          984    .ARM.Collect$$libinit$$00000000  c_w.l(libinit.o)
    0x08000262   0x08000262   0x00000000   Code   RO         1003    .ARM.Collect$$libinit$$00000002  c_w.l(libinit2.o)
    0x08000262   0x08000262   0x00000000   Code   RO         1005    .ARM.Collect$$libinit$$00000004  c_w.l(libinit2.o)
    0x08000262   0x08000262   0x00000000   Code   RO         1007    .ARM.Collect$$libinit$$00000006  c_w.l(libinit2.o)
    0x08000262   0x08000262   0x00000000   Code   RO         1010    .ARM.Collect$$libinit$$0000000C  c_w.l(libinit2.o)
    0x08000262   0x08000262   0x00000000   Code   RO         1012    .ARM.Collect$$libinit$$0000000E  c_w.l(libinit2.o)
    0x08000262   0x08000262   0x00000000   Code   RO         1014    .ARM.Collect$$libinit$$00000010  c_w.l(libinit2.o)
    0x08000262   0x08000262   0x00000006   Code   RO         1015    .ARM.Collect$$libinit$$00000011  c_w.l(libinit2.o)
    0x08000268   0x08000268   0x00000000   Code   RO         1017    .ARM.Collect$$libinit$$00000013  c_w.l(libinit2.o)
    0x08000268   0x08000268   0x0000000c   Code   RO         1018    .ARM.Collect$$libinit$$00000014  c_w.l(libinit2.o)
    0x08000274   0x08000274   0x00000000   Code   RO         1019    .ARM.Collect$$libinit$$00000015  c_w.l(libinit2.o)
    0x08000274   0x08000274   0x00000000   Code   RO         1021    .ARM.Collect$$libinit$$00000017  c_w.l(libinit2.o)
    0x08000274   0x08000274   0x0000000a   Code   RO         1022    .ARM.Collect$$libinit$$00000018  c_w.l(libinit2.o)
    0x0800027e   0x0800027e   0x00000000   Code   RO         1023    .ARM.Collect$$libinit$$00000019  c_w.l(libinit2.o)
    0x0800027e   0x0800027e   0x00000000   Code   RO         1025    .ARM.Collect$$libinit$$0000001B  c_w.l(libinit2.o)
    0x0800027e   0x0800027e   0x00000000   Code   RO         1027    .ARM.Collect$$libinit$$0000001D  c_w.l(libinit2.o)
    0x0800027e   0x0800027e   0x00000000   Code   RO         1029    .ARM.Collect$$libinit$$0000001F  c_w.l(libinit2.o)
    0x0800027e   0x0800027e   0x00000000   Code   RO         1031    .ARM.Collect$$libinit$$00000021  c_w.l(libinit2.o)
    0x0800027e   0x0800027e   0x00000000   Code   RO         1033    .ARM.Collect$$libinit$$00000023  c_w.l(libinit2.o)
    0x0800027e   0x0800027e   0x00000000   Code   RO         1035    .ARM.Collect$$libinit$$00000025  c_w.l(libinit2.o)
    0x0800027e   0x0800027e   0x00000000   Code   RO         1037    .ARM.Collect$$libinit$$00000027  c_w.l(libinit2.o)
    0x0800027e   0x0800027e   0x00000000   Code   RO         1041    .ARM.Collect$$libinit$$0000002E  c_w.l(libinit2.o)
    0x0800027e   0x0800027e   0x00000000   Code   RO         1043    .ARM.Collect$$libinit$$00000030  c_w.l(libinit2.o)
    0x0800027e   0x0800027e   0x00000000   Code   RO         1045    .ARM.Collect$$libinit$$00000032  c_w.l(libinit2.o)
    0x0800027e   0x0800027e   0x00000000   Code   RO         1047    .ARM.Collect$$libinit$$00000034  c_w.l(libinit2.o)
    0x0800027e   0x0800027e   0x00000002   Code   RO         1048    .ARM.Collect$$libinit$$00000035  c_w.l(libinit2.o)
    0x08000280   0x08000280   0x00000002   Code   RO         1072    .ARM.Collect$$libshutdown$$00000000  c_w.l(libshutdown.o)
    0x08000282   0x08000282   0x00000000   Code   RO         1087    .ARM.Collect$$libshutdown$$00000002  c_w.l(libshutdown2.o)
    0x08000282   0x08000282   0x00000000   Code   RO         1089    .ARM.Collect$$libshutdown$$00000004  c_w.l(libshutdown2.o)
    0x08000282   0x08000282   0x00000000   Code   RO         1092    .ARM.Collect$$libshutdown$$00000007  c_w.l(libshutdown2.o)
    0x08000282   0x08000282   0x00000000   Code   RO         1095    .ARM.Collect$$libshutdown$$0000000A  c_w.l(libshutdown2.o)
    0x08000282   0x08000282   0x00000000   Code   RO         1097    .ARM.Collect$$libshutdown$$0000000C  c_w.l(libshutdown2.o)
    0x08000282   0x08000282   0x00000000   Code   RO         1100    .ARM.Collect$$libshutdown$$0000000F  c_w.l(libshutdown2.o)
    0x08000282   0x08000282   0x00000002   Code   RO         1101    .ARM.Collect$$libshutdown$$00000010  c_w.l(libshutdown2.o)
    0x08000284   0x08000284   0x00000000   Code   RO          849    .ARM.Collect$$rtentry$$00000000  c_w.l(__rtentry.o)
    0x08000284   0x08000284   0x00000000   Code   RO          905    .ARM.Collect$$rtentry$$00000002  c_w.l(__rtentry2.o)
    0x08000284   0x08000284   0x00000006   Code   RO          917    .ARM.Collect$$rtentry$$00000004  c_w.l(__rtentry4.o)
    0x0800028a   0x0800028a   0x00000000   Code   RO          907    .ARM.Collect$$rtentry$$00000009  c_w.l(__rtentry2.o)
    0x0800028a   0x0800028a   0x00000004   Code   RO          908    .ARM.Collect$$rtentry$$0000000A  c_w.l(__rtentry2.o)
    0x0800028e   0x0800028e   0x00000000   Code   RO          910    .ARM.Collect$$rtentry$$0000000C  c_w.l(__rtentry2.o)
    0x0800028e   0x0800028e   0x00000008   Code   RO          911    .ARM.Collect$$rtentry$$0000000D  c_w.l(__rtentry2.o)
    0x08000296   0x08000296   0x00000002   Code   RO          993    .ARM.Collect$$rtexit$$00000000  c_w.l(rtexit.o)
    0x08000298   0x08000298   0x00000000   Code   RO         1050    .ARM.Collect$$rtexit$$00000002  c_w.l(rtexit2.o)
    0x08000298   0x08000298   0x00000004   Code   RO         1051    .ARM.Collect$$rtexit$$00000003  c_w.l(rtexit2.o)
    0x0800029c   0x0800029c   0x00000006   Code   RO         1052    .ARM.Collect$$rtexit$$00000004  c_w.l(rtexit2.o)
    0x080002a2   0x080002a2   0x00000002   PAD
    0x080002a4   0x080002a4   0x00000040   Code   RO            4  * .text               startup_stm32f103xe.o
    0x080002e4   0x080002e4   0x00000024   Code   RO          785    .text               c_w.l(vsprintf.o)
    0x08000308   0x08000308   0x0000004e   Code   RO          793    .text               c_w.l(_printf_pad.o)
    0x08000356   0x08000356   0x00000002   PAD
    0x08000358   0x08000358   0x00000078   Code   RO          795    .text               c_w.l(_printf_dec.o)
    0x080003d0   0x080003d0   0x00000094   Code   RO          815    .text               c_w.l(_printf_hex_int_ll_ptr.o)
    0x08000464   0x08000464   0x00000188   Code   RO          835    .text               c_w.l(__printf_flags_ss_wp.o)
    0x080005ec   0x080005ec   0x0000008a   Code   RO          841    .text               c_w.l(rt_memcpy_v6.o)
    0x08000676   0x08000676   0x0000004e   Code   RO          843    .text               c_w.l(rt_memclr_w.o)
    0x080006c4   0x080006c4   0x00000006   Code   RO          845    .text               c_w.l(heapauxi.o)
    0x080006ca   0x080006ca   0x00000024   Code   RO          850    .text               c_w.l(_printf_truncate.o)
    0x080006ee   0x080006ee   0x00000052   Code   RO          852    .text               c_w.l(_printf_str.o)
    0x08000740   0x08000740   0x000000b2   Code   RO          854    .text               c_w.l(_printf_intcommon.o)
    0x080007f2   0x080007f2   0x00000028   Code   RO          856    .text               c_w.l(_printf_charcount.o)
    0x0800081a   0x0800081a   0x00000002   PAD
    0x0800081c   0x0800081c   0x00000030   Code   RO          858    .text               c_w.l(_printf_char_common.o)
    0x0800084c   0x0800084c   0x0000000a   Code   RO          860    .text               c_w.l(_sputc.o)
    0x08000856   0x08000856   0x00000002   PAD
    0x08000858   0x08000858   0x000000bc   Code   RO          862    .text               c_w.l(_printf_wctomb.o)
    0x08000914   0x08000914   0x0000007c   Code   RO          865    .text               c_w.l(_printf_longlong_dec.o)
    0x08000990   0x08000990   0x00000070   Code   RO          871    .text               c_w.l(_printf_oct_int_ll.o)
    0x08000a00   0x08000a00   0x00000064   Code   RO          894    .text               c_w.l(rt_memcpy_w.o)
    0x08000a64   0x08000a64   0x0000008a   Code   RO          919    .text               c_w.l(lludiv10.o)
    0x08000aee   0x08000aee   0x0000041c   Code   RO          921    .text               c_w.l(_printf_fp_dec.o)
    0x08000f0a   0x08000f0a   0x00000002   PAD
    0x08000f0c   0x08000f0c   0x000002fc   Code   RO          925    .text               c_w.l(_printf_fp_hex.o)
    0x08001208   0x08001208   0x0000002c   Code   RO          930    .text               c_w.l(_printf_char.o)
    0x08001234   0x08001234   0x0000002c   Code   RO          932    .text               c_w.l(_printf_wchar.o)
    0x08001260   0x08001260   0x00000048   Code   RO          934    .text               c_w.l(_c16rtomb.o)
    0x080012a8   0x080012a8   0x0000004a   Code   RO          936    .text               c_w.l(sys_stackheap_outer.o)
    0x080012f2   0x080012f2   0x00000002   PAD
    0x080012f4   0x080012f4   0x00000010   Code   RO          938    .text               c_w.l(rt_ctype_table.o)
    0x08001304   0x08001304   0x00000008   Code   RO          943    .text               c_w.l(rt_locale_intlibspace.o)
    0x0800130c   0x0800130c   0x00000080   Code   RO          945    .text               c_w.l(_printf_fp_infnan.o)
    0x0800138c   0x0800138c   0x000000e4   Code   RO          947    .text               c_w.l(bigflt0.o)
    0x08001470   0x08001470   0x00000012   Code   RO          977    .text               c_w.l(exit.o)
    0x08001482   0x08001482   0x00000002   PAD
    0x08001484   0x08001484   0x00000008   Code   RO          990    .text               c_w.l(libspace.o)
    0x0800148c   0x0800148c   0x00000080   Code   RO         1000    .text               c_w.l(strcmpv7m.o)
    0x0800150c   0x0800150c   0x0000000c   Code   RO         1062    .text               c_w.l(sys_exit.o)
    0x08001518   0x08001518   0x00000002   Code   RO         1077    .text               c_w.l(use_no_semi.o)
    0x0800151a   0x0800151a   0x00000000   Code   RO         1079    .text               c_w.l(indicate_semi.o)
    0x0800151a   0x0800151a   0x00000002   PAD
    0x0800151c   0x0800151c   0x00000002   Code   RO           17    .text.BusFault_Handler  stm32f1xx_it.o
    0x0800151e   0x0800151e   0x00000002   PAD
    0x08001520   0x08001520   0x0000000c   Code   RO          141    .text.DMA1_Channel5_IRQHandler  dma.o
    0x0800152c   0x0800152c   0x00000002   Code   RO           23    .text.DebugMon_Handler  stm32f1xx_it.o
    0x0800152e   0x0800152e   0x00000002   PAD
    0x08001530   0x08001530   0x00000040   Code   RO          342    .text.HAL_DMA_Abort  stm32f1xx_hal_dma.o
    0x08001570   0x08001570   0x00000126   Code   RO          344    .text.HAL_DMA_Abort_IT  stm32f1xx_hal_dma.o
    0x08001696   0x08001696   0x00000002   PAD
    0x08001698   0x08001698   0x00000260   Code   RO          348    .text.HAL_DMA_IRQHandler  stm32f1xx_hal_dma.o
    0x080018f8   0x080018f8   0x0000009c   Code   RO          334    .text.HAL_DMA_Init  stm32f1xx_hal_dma.o
    0x08001994   0x08001994   0x0000009c   Code   RO          340    .text.HAL_DMA_Start_IT  stm32f1xx_hal_dma.o
    0x08001a30   0x08001a30   0x000001da   Code   RO          366    .text.HAL_GPIO_Init  stm32f1xx_hal_gpio.o
    0x08001c0a   0x08001c0a   0x00000002   PAD
    0x08001c0c   0x08001c0c   0x0000000a   Code   RO          372    .text.HAL_GPIO_WritePin  stm32f1xx_hal_gpio.o
    0x08001c16   0x08001c16   0x00000002   PAD
    0x08001c18   0x08001c18   0x0000000c   Code   RO          245    .text.HAL_GetTick   stm32f1xx_hal.o
    0x08001c24   0x08001c24   0x0000001a   Code   RO          243    .text.HAL_IncTick   stm32f1xx_hal.o
    0x08001c3e   0x08001c3e   0x00000002   PAD
    0x08001c40   0x08001c40   0x00000026   Code   RO          233    .text.HAL_Init      stm32f1xx_hal.o
    0x08001c66   0x08001c66   0x00000002   PAD
    0x08001c68   0x08001c68   0x00000050   Code   RO          235    .text.HAL_InitTick  stm32f1xx_hal.o
    0x08001cb8   0x08001cb8   0x00000002   Code   RO          237    .text.HAL_MspInit   stm32f1xx_hal.o
    0x08001cba   0x08001cba   0x00000002   PAD
    0x08001cbc   0x08001cbc   0x00000022   Code   RO          298    .text.HAL_NVIC_EnableIRQ  stm32f1xx_hal_cortex.o
    0x08001cde   0x08001cde   0x00000002   PAD
    0x08001ce0   0x08001ce0   0x00000056   Code   RO          296    .text.HAL_NVIC_SetPriority  stm32f1xx_hal_cortex.o
    0x08001d36   0x08001d36   0x00000002   PAD
    0x08001d38   0x08001d38   0x00000020   Code   RO          294    .text.HAL_NVIC_SetPriorityGrouping  stm32f1xx_hal_cortex.o
    0x08001d58   0x08001d58   0x000001b2   Code   RO          408    .text.HAL_RCC_ClockConfig  stm32f1xx_hal_rcc.o
    0x08001f0a   0x08001f0a   0x00000002   PAD
    0x08001f0c   0x08001f0c   0x00000026   Code   RO          420    .text.HAL_RCC_GetPCLK1Freq  stm32f1xx_hal_rcc.o
    0x08001f32   0x08001f32   0x00000002   PAD
    0x08001f34   0x08001f34   0x00000026   Code   RO          422    .text.HAL_RCC_GetPCLK2Freq  stm32f1xx_hal_rcc.o
    0x08001f5a   0x08001f5a   0x00000002   PAD
    0x08001f5c   0x08001f5c   0x00000338   Code   RO          406    .text.HAL_RCC_OscConfig  stm32f1xx_hal_rcc.o
    0x08002294   0x08002294   0x00000002   Code   RO          744    .text.HAL_SPI_ErrorCallback  stm32f1xx_hal_spi.o
    0x08002296   0x08002296   0x00000002   PAD
    0x08002298   0x08002298   0x000000be   Code   RO          660    .text.HAL_SPI_Init  stm32f1xx_hal_spi.o
    0x08002356   0x08002356   0x00000002   PAD
    0x08002358   0x08002358   0x00000002   Code   RO          662    .text.HAL_SPI_MspInit  stm32f1xx_hal_spi.o
    0x0800235a   0x0800235a   0x00000002   PAD
    0x0800235c   0x0800235c   0x000001b4   Code   RO          668    .text.HAL_SPI_Transmit  stm32f1xx_hal_spi.o
    0x08002510   0x08002510   0x000000fe   Code   RO          700    .text.HAL_SPI_Transmit_DMA  stm32f1xx_hal_spi.o
    0x0800260e   0x0800260e   0x00000002   PAD
    0x08002610   0x08002610   0x0000001e   Code   RO          143    .text.HAL_SPI_TxCpltCallback  dma.o
    0x0800262e   0x0800262e   0x00000002   PAD
    0x08002630   0x08002630   0x00000002   Code   RO          752    .text.HAL_SPI_TxHalfCpltCallback  stm32f1xx_hal_spi.o
    0x08002632   0x08002632   0x00000002   PAD
    0x08002634   0x08002634   0x0000002c   Code   RO          306    .text.HAL_SYSTICK_Config  stm32f1xx_hal_cortex.o
    0x08002660   0x08002660   0x00000002   Code   RO          540    .text.HAL_UARTEx_RxEventCallback  stm32f1xx_hal_uart.o
    0x08002662   0x08002662   0x00000002   PAD
    0x08002664   0x08002664   0x00000002   Code   RO          538    .text.HAL_UART_ErrorCallback  stm32f1xx_hal_uart.o
    0x08002666   0x08002666   0x00000002   PAD
    0x08002668   0x08002668   0x00000302   Code   RO          532    .text.HAL_UART_IRQHandler  stm32f1xx_hal_uart.o
    0x0800296a   0x0800296a   0x00000002   PAD
    0x0800296c   0x0800296c   0x000000e0   Code   RO          456    .text.HAL_UART_Init  stm32f1xx_hal_uart.o
    0x08002a4c   0x08002a4c   0x00000002   Code   RO          458    .text.HAL_UART_MspInit  stm32f1xx_hal_uart.o
    0x08002a4e   0x08002a4e   0x00000002   PAD
    0x08002a50   0x08002a50   0x00000054   Code   RO          476    .text.HAL_UART_Receive_IT  stm32f1xx_hal_uart.o
    0x08002aa4   0x08002aa4   0x00000034   Code   RO          202    .text.HAL_UART_RxCpltCallback  usart.o
    0x08002ad8   0x08002ad8   0x00000168   Code   RO          470    .text.HAL_UART_Transmit  stm32f1xx_hal_uart.o
    0x08002c40   0x08002c40   0x00000002   Code   RO          542    .text.HAL_UART_TxCpltCallback  stm32f1xx_hal_uart.o
    0x08002c42   0x08002c42   0x00000002   PAD
    0x08002c44   0x08002c44   0x00000002   Code   RO           13    .text.HardFault_Handler  stm32f1xx_it.o
    0x08002c46   0x08002c46   0x00000002   PAD
    0x08002c48   0x08002c48   0x00000002   Code   RO           15    .text.MemManage_Handler  stm32f1xx_it.o
    0x08002c4a   0x08002c4a   0x00000002   PAD
    0x08002c4c   0x08002c4c   0x00000002   Code   RO           11    .text.NMI_Handler   stm32f1xx_it.o
    0x08002c4e   0x08002c4e   0x00000002   PAD
    0x08002c50   0x08002c50   0x00000002   Code   RO           25    .text.PendSV_Handler  stm32f1xx_it.o
    0x08002c52   0x08002c52   0x00000002   PAD
    0x08002c54   0x08002c54   0x0000001e   Code   RO          706    .text.SPI_DMAError  stm32f1xx_hal_spi.o
    0x08002c72   0x08002c72   0x00000002   PAD
    0x08002c74   0x08002c74   0x00000006   Code   RO          702    .text.SPI_DMAHalfTransmitCplt  stm32f1xx_hal_spi.o
    0x08002c7a   0x08002c7a   0x00000002   PAD
    0x08002c7c   0x08002c7c   0x00000084   Code   RO          704    .text.SPI_DMATransmitCplt  stm32f1xx_hal_spi.o
    0x08002d00   0x08002d00   0x000000e0   Code   RO          674    .text.SPI_WaitFlagStateUntilTimeout  stm32f1xx_hal_spi.o
    0x08002de0   0x08002de0   0x00000002   Code   RO           21    .text.SVC_Handler   stm32f1xx_it.o
    0x08002de2   0x08002de2   0x00000002   PAD
    0x08002de4   0x08002de4   0x00000004   Code   RO           27    .text.SysTick_Handler  stm32f1xx_it.o
    0x08002de8   0x08002de8   0x00000002   Code   RO           36    .text.SystemInit    system_stm32f1xx.o
    0x08002dea   0x08002dea   0x00000002   PAD
    0x08002dec   0x08002dec   0x0000000c   Code   RO          536    .text.UART_DMAAbortOnError  stm32f1xx_hal_uart.o
    0x08002df8   0x08002df8   0x000000c0   Code   RO          534    .text.UART_Receive_IT  stm32f1xx_hal_uart.o
    0x08002eb8   0x08002eb8   0x0000000c   Code   RO          200    .text.USART1_IRQHandler  usart.o
    0x08002ec4   0x08002ec4   0x00000002   Code   RO           19    .text.UsageFault_Handler  stm32f1xx_it.o
    0x08002ec6   0x08002ec6   0x00000002   PAD
    0x08002ec8   0x08002ec8   0x0000000c   Code   RO          155    .text.delay_init    delay.o
    0x08002ed4   0x08002ed4   0x00000042   Code   RO          159    .text.delay_ms      delay.o
    0x08002f16   0x08002f16   0x00000002   PAD
    0x08002f18   0x08002f18   0x0000006a   Code   RO          139    .text.dma_spi2_init  dma.o
    0x08002f82   0x08002f82   0x00000002   PAD
    0x08002f84   0x08002f84   0x00000072   Code   RO           61    .text.led_init      led.o
    0x08002ff6   0x08002ff6   0x00000002   PAD
    0x08002ff8   0x08002ff8   0x00000046   Code   RO           51    .text.main          main.o
    0x0800303e   0x0800303e   0x00000002   PAD
    0x08003040   0x08003040   0x00000160   Code   RO           82    .text.spi_init      spi.o
    0x080031a0   0x080031a0   0x00000040   Code   RO           84    .text.spi_send_byte  spi.o
    0x080031e0   0x080031e0   0x00000034   Code   RO          110    .text.st7789v_clear  st7789v.o
    0x08003214   0x08003214   0x000000cc   Code   RO          128    .text.st7789v_display_image_dma  st7789v.o
    0x080032e0   0x080032e0   0x00000088   Code   RO          106    .text.st7789v_init  st7789v.o
    0x08003368   0x08003368   0x00000750   Code   RO          104    .text.st7789v_initreg  st7789v.o
    0x08003ab8   0x08003ab8   0x00000164   Code   RO          108    .text.st7789v_setwindows  st7789v.o
    0x08003c1c   0x08003c1c   0x00000074   Code   RO          100    .text.st7789v_write_data16  st7789v.o
    0x08003c90   0x08003c90   0x0000005a   Code   RO          188    .text.sys_stm32_clock_init  sys.o
    0x08003cea   0x08003cea   0x00000002   PAD
    0x08003cec   0x08003cec   0x0000005e   Code   RO          220    .text.uart_printf   usart.o
    0x08003d4a   0x08003d4a   0x00000002   PAD
    0x08003d4c   0x08003d4c   0x000000ae   Code   RO          198    .text.usart_init    usart.o
    0x08003dfa   0x08003dfa   0x0000003e   Code   RO          950    CL$$btod_d2e        c_w.l(btod.o)
    0x08003e38   0x08003e38   0x00000046   Code   RO          952    CL$$btod_d2e_denorm_low  c_w.l(btod.o)
    0x08003e7e   0x08003e7e   0x00000060   Code   RO          951    CL$$btod_d2e_norm_op1  c_w.l(btod.o)
    0x08003ede   0x08003ede   0x00000002   PAD
    0x08003ee0   0x08003ee0   0x00000338   Code   RO          960    CL$$btod_div_common  c_w.l(btod.o)
    0x08004218   0x08004218   0x000000dc   Code   RO          957    CL$$btod_e2e        c_w.l(btod.o)
    0x080042f4   0x080042f4   0x0000002a   Code   RO          954    CL$$btod_ediv       c_w.l(btod.o)
    0x0800431e   0x0800431e   0x0000002a   Code   RO          953    CL$$btod_emul       c_w.l(btod.o)
    0x08004348   0x08004348   0x00000244   Code   RO          959    CL$$btod_mult_common  c_w.l(btod.o)
    0x0800458c   0x0800458c   0x00000028   Code   RO          988    i.__ARM_fpclassify  m_ws.l(fpclassify.o)
    0x080045b4   0x080045b4   0x0000000e   Code   RO          828    i._is_digit         c_w.l(__printf_wp.o)
    0x080045c2   0x080045c2   0x00000002   PAD
    0x080045c4   0x080045c4   0x0000002c   Code   RO          975    locale$$code        c_w.l(lc_numeric_c.o)
    0x080045f0   0x080045f0   0x0000002c   Code   RO          998    locale$$code        c_w.l(lc_ctype_c.o)
    0x0800461c   0x0800461c   0x00000004   Code   RO          896    x$fpl$printf1       fz_ws.l(printf1.o)
    0x08004620   0x08004620   0x00000004   Code   RO          898    x$fpl$printf2       fz_ws.l(printf2.o)
    0x08004624   0x08004624   0x00000000   Code   RO          987    x$fpl$usenofp       fz_ws.l(usenofp.o)
    0x08004624   0x08004624   0x00000028   Data   RO          816    .constdata          c_w.l(_printf_hex_int_ll_ptr.o)
    0x0800464c   0x0800464c   0x00000011   Data   RO          836    .constdata          c_w.l(__printf_flags_ss_wp.o)
    0x0800465d   0x0800465d   0x00000003   PAD
    0x08004660   0x08004660   0x00000008   Data   RO          863    .constdata          c_w.l(_printf_wctomb.o)
    0x08004668   0x08004668   0x00000026   Data   RO          926    .constdata          c_w.l(_printf_fp_hex.o)
    0x0800468e   0x0800468e   0x00000002   PAD
    0x08004690   0x08004690   0x00000094   Data   RO          948    .constdata          c_w.l(bigflt0.o)
    0x08004724   0x08004724   0x00000010   Data   RO           41    .rodata.AHBPrescTable  system_stm32f1xx.o
    0x08004734   0x08004734   0x00000008   Data   RO           42    .rodata.APBPrescTable  system_stm32f1xx.o
    0x0800473c   0x0800473c   0x00000002   Data   RO          433    .rodata.HAL_RCC_GetSysClockFreq.aPredivFactorTable  stm32f1xx_hal_rcc.o
    0x0800473e   0x0800473e   0x00000010   Data   RO          432    .rodata.cst16       stm32f1xx_hal_rcc.o
    0x0800474e   0x0800474e   0x00020d08   Data   RO           53    .rodata.g_image     main.o
    0x08025456   0x08025456   0x00000002   PAD
    0x08025458   0x08025458   0x00000020   Data   RO         1135    Region$$Table       anon$$obj.o
    0x08025478   0x08025478   0x0000001c   Data   RO          974    locale$$data        c_w.l(lc_numeric_c.o)
    0x08025494   0x08025494   0x00000110   Data   RO          997    locale$$data        c_w.l(lc_ctype_c.o)


    Execution Region ER_RW (Exec base: 0x20000000, Load base: 0x080255a4, Size: 0x0000000c, Max: 0xffffffff, ABSOLUTE)

    Exec Addr    Load Addr    Size         Type   Attr      Idx    E Section Name        Object

    0x20000000   0x080255a4   0x00000004   Data   RW           40    .data.SystemCoreClock  system_stm32f1xx.o
    0x20000004   0x080255a8   0x00000001   Data   RW          284    .data.uwTickFreq    stm32f1xx_hal.o
    0x20000005   0x080255a9   0x00000003   PAD
    0x20000008   0x080255ac   0x00000004   Data   RW          283    .data.uwTickPrio    stm32f1xx_hal.o


    Execution Region ER_ZI (Exec base: 0x20000010, Load base: 0x080255b0, Size: 0x00002358, Max: 0xffffffff, ABSOLUTE)

    Exec Addr    Load Addr    Size         Type   Attr      Idx    E Section Name        Object

    0x20000010        -       0x00000060   Zero   RW          991    .bss                c_w.l(libspace.o)
    0x20000070        -       0x00000001   Zero   RW          145    .bss.dma_transfer_complete  dma.o
    0x20000071   0x080255b0   0x00000003   PAD
    0x20000074        -       0x00000004   Zero   RW          163    .bss.g_fac_us       delay.o
    0x20000078        -       0x00000001   Zero   RW          222    .bss.g_rx_buf       usart.o
    0x20000079        -       0x00000001   Zero   RW          223    .bss.g_uart1_rx_flag  usart.o
    0x2000007a   0x080255b0   0x00000002   PAD
    0x2000007c        -       0x00000048   Zero   RW          224    .bss.g_uart_init_handle  usart.o
    0x200000c4        -       0x00000044   Zero   RW          146    .bss.hdma_spi2_tx   dma.o
    0x20000108        -       0x00000058   Zero   RW           88    .bss.hspi2          spi.o
    0x20000160        -       0x00000004   Zero   RW          285    .bss.uwTick         stm32f1xx_hal.o
    0x20000164   0x080255b0   0x00000004   PAD
    0x20000168        -       0x00000200   Zero   RW            2    HEAP                startup_stm32f103xe.o
    0x20000368        -       0x00002000   Zero   RW            1    STACK               startup_stm32f103xe.o


==============================================================================

Image component sizes


      Code (inc. data)   RO Data    RW Data    ZI Data      Debug   Object Name

        78          0          0          0          4       2522   delay.o
       148          0          0          0         69       5319   dma.o
       114          0          0          0          0       1505   led.o
        70          0     134408          0          0        734   main.o
       416         40          0          0         88       4415   spi.o
      2736          0          0          0          0      12185   st7789v.o
        64         26        304          0       8704        932   startup_stm32f103xe.o
       158          0          0          5          4       6106   stm32f1xx_hal.o
       196          0          0          0          0       8762   stm32f1xx_hal_cortex.o
      1278          0          0          0          0       8536   stm32f1xx_hal_dma.o
       484         20          0          0          0       4691   stm32f1xx_hal_gpio.o
      1334          0         18          0          0       7715   stm32f1xx_hal_rcc.o
      1278          0          0          0          0      23737   stm32f1xx_hal_spi.o
      1650          0          0          0          0      28705   stm32f1xx_hal_uart.o
        20          0          0          0          0       1168   stm32f1xx_it.o
        90          0          0          0          0       3740   sys.o
         2          0         24          4          0       1679   system_stm32f1xx.o
       332          0          0          0         74       9081   usart.o

    ----------------------------------------------------------------------
     10526         86     134788         12       8952     131532   Object Totals
         0          0         32          0          0          0   (incl. Generated)
        78          0          2          3          9          0   (incl. Padding)

    ----------------------------------------------------------------------

      Code (inc. data)   RO Data    RW Data    ZI Data      Debug   Library Member Name

         8          0          0          0          0         68   __main.o
       392          4         17          0          0         92   __printf_flags_ss_wp.o
        14          0          0          0          0         68   __printf_wp.o
         0          0          0          0          0          0   __rtentry.o
        12          0          0          0          0          0   __rtentry2.o
         6          0          0          0          0          0   __rtentry4.o
        94          8          0          0          0          0   __scatter.o
        26          0          0          0          0          0   __scatter_copy.o
        28          0          0          0          0          0   __scatter_zi.o
        72          0          0          0          0         96   _c16rtomb.o
         6          0          0          0          0          0   _printf_a.o
         6          0          0          0          0          0   _printf_c.o
        44          0          0          0          0        108   _printf_char.o
        48          6          0          0          0         96   _printf_char_common.o
        40          0          0          0          0         68   _printf_charcount.o
         6          0          0          0          0          0   _printf_d.o
       120         16          0          0          0         92   _printf_dec.o
         6          0          0          0          0          0   _printf_e.o
         6          0          0          0          0          0   _printf_f.o
      1052          0          0          0          0        148   _printf_fp_dec.o
       764          8         38          0          0        100   _printf_fp_hex.o
       128         16          0          0          0         84   _printf_fp_infnan.o
         6          0          0          0          0          0   _printf_g.o
       148          4         40          0          0        160   _printf_hex_int_ll_ptr.o
         6          0          0          0          0          0   _printf_i.o
       178          0          0          0          0         88   _printf_intcommon.o
        10          0          0          0          0          0   _printf_l.o
         6          0          0          0          0          0   _printf_lc.o
        10          0          0          0          0          0   _printf_ll.o
         6          0          0          0          0          0   _printf_lld.o
         6          0          0          0          0          0   _printf_lli.o
         6          0          0          0          0          0   _printf_llo.o
         6          0          0          0          0          0   _printf_llu.o
         6          0          0          0          0          0   _printf_llx.o
       124         16          0          0          0         92   _printf_longlong_dec.o
         6          0          0          0          0          0   _printf_ls.o
         6          0          0          0          0          0   _printf_n.o
         6          0          0          0          0          0   _printf_o.o
       112          8          0          0          0        124   _printf_oct_int_ll.o
         6          0          0          0          0          0   _printf_p.o
        78          0          0          0          0        108   _printf_pad.o
         0          0          0          0          0          0   _printf_percent.o
         4          0          0          0          0          0   _printf_percent_end.o
         6          0          0          0          0          0   _printf_s.o
        82          0          0          0          0         80   _printf_str.o
        36          0          0          0          0         84   _printf_truncate.o
         6          0          0          0          0          0   _printf_u.o
        44          0          0          0          0        108   _printf_wchar.o
       188          6          8          0          0         92   _printf_wctomb.o
         6          0          0          0          0          0   _printf_x.o
        10          0          0          0          0         68   _sputc.o
       228          4        148          0          0         96   bigflt0.o
      1936        128          0          0          0        668   btod.o
        18          0          0          0          0         80   exit.o
         6          0          0          0          0        152   heapauxi.o
         0          0          0          0          0          0   indicate_semi.o
        44         10        272          0          0         76   lc_ctype_c.o
        44         10         28          0          0         76   lc_numeric_c.o
         2          0          0          0          0          0   libinit.o
        30          0          0          0          0          0   libinit2.o
         2          0          0          0          0          0   libshutdown.o
         2          0          0          0          0          0   libshutdown2.o
         8          4          0          0         96         68   libspace.o
       138          0          0          0          0         80   lludiv10.o
        16          4          0          0          0         76   rt_ctype_table.o
         8          4          0          0          0         68   rt_locale_intlibspace.o
        78          0          0          0          0         80   rt_memclr_w.o
       138          0          0          0          0         68   rt_memcpy_v6.o
       100          0          0          0          0         80   rt_memcpy_w.o
         2          0          0          0          0          0   rtexit.o
        10          0          0          0          0          0   rtexit2.o
       128          0          0          0          0         68   strcmpv7m.o
        12          4          0          0          0         68   sys_exit.o
        74          0          0          0          0         80   sys_stackheap_outer.o
         2          0          0          0          0         68   use_no_semi.o
        36          4          0          0          0         76   vsprintf.o
         4          0          0          0          0         68   printf1.o
         4          0          0          0          0         68   printf2.o
         0          0          0          0          0          0   usenofp.o
        40          0          0          0          0         68   fpclassify.o

    ----------------------------------------------------------------------
      7126        264        556          0         96       4256   Library Totals
        24          0          5          0          0          0   (incl. Padding)

    ----------------------------------------------------------------------

      Code (inc. data)   RO Data    RW Data    ZI Data      Debug   Library Name

      7054        264        551          0         96       4052   c_w.l
         8          0          0          0          0        136   fz_ws.l
        40          0          0          0          0         68   m_ws.l

    ----------------------------------------------------------------------
      7126        264        556          0         96       4256   Library Totals

    ----------------------------------------------------------------------

==============================================================================


      Code (inc. data)   RO Data    RW Data    ZI Data      Debug   

     17652        350     135344         12       9048     133244   Grand Totals
     17652        350     135344         12       9048     133244   ELF Image Totals
     17652        350     135344         12          0          0   ROM Totals

==============================================================================

    Total RO  Size (Code + RO Data)               152996 ( 149.41kB)
    Total RW  Size (RW Data + ZI Data)              9060 (   8.85kB)
    Total ROM Size (Code + RO Data + RW Data)     153008 ( 149.42kB)

==============================================================================

